Component: ARM Compiler 5.06 update 4 (build 422) Tool: armlink [4d35d2]

==============================================================================

Section Cross References

    main.o(i.advertising_init) refers to memseta.o(.text) for __aeabi_memclr4
    main.o(i.advertising_init) refers to ble_advertising.o(i.ble_advertising_init) for ble_advertising_init
    main.o(i.advertising_init) refers to app_error.o(i.app_error_handler) for app_error_handler
    main.o(i.advertising_init) refers to ble_advertising.o(i.ble_advertising_conn_cfg_tag_set) for ble_advertising_conn_cfg_tag_set
    main.o(i.advertising_init) refers to main.o(.data) for m_adv_uuids
    main.o(i.advertising_init) refers to main.o(i.on_adv_evt) for on_adv_evt
    main.o(i.advertising_init) refers to main.o(.bss) for m_advertising
    main.o(i.advertising_start) refers to main.o(i.delete_bonds) for delete_bonds
    main.o(i.advertising_start) refers to ble_advertising.o(i.ble_advertising_start) for ble_advertising_start
    main.o(i.advertising_start) refers to app_error.o(i.app_error_handler) for app_error_handler
    main.o(i.advertising_start) refers to main.o(.bss) for m_advertising
    main.o(i.app_shutdown_handler) refers to nrf_log_frontend.o(i.nrf_log_frontend_std_0) for nrf_log_frontend_std_0
    main.o(i.app_shutdown_handler) refers to nrf_log_frontend.o(log_dynamic_data) for m_nrf_log_app_logs_data_dynamic
    main.o(i.assert_nrf_callback) refers to app_error.o(i.app_error_handler) for app_error_handler
    main.o(i.ble_dfu_evt_handler) refers to nrf_log_frontend.o(i.nrf_log_frontend_std_0) for nrf_log_frontend_std_0
    main.o(i.ble_dfu_evt_handler) refers to nrf_log_frontend.o(log_dynamic_data) for m_nrf_log_app_logs_data_dynamic
    main.o(i.ble_evt_handler) refers to bsp.o(i.bsp_indication_set) for bsp_indication_set
    main.o(i.ble_evt_handler) refers to app_error.o(i.app_error_handler) for app_error_handler
    main.o(i.ble_evt_handler) refers to memcpya.o(.text) for __aeabi_memcpy
    main.o(i.ble_evt_handler) refers to main.o(.data) for m_conn_handle
    main.o(i.ble_stack_init) refers to nrf_sdh.o(i.nrf_sdh_enable_request) for nrf_sdh_enable_request
    main.o(i.ble_stack_init) refers to app_error.o(i.app_error_handler) for app_error_handler
    main.o(i.ble_stack_init) refers to nrf_sdh_ble.o(i.nrf_sdh_ble_default_cfg_set) for nrf_sdh_ble_default_cfg_set
    main.o(i.ble_stack_init) refers to nrf_sdh_ble.o(i.nrf_sdh_ble_enable) for nrf_sdh_ble_enable
    main.o(i.bsp_event_handler) refers to main.o(i.sleep_mode_enter) for sleep_mode_enter
    main.o(i.bsp_event_handler) refers to app_error.o(i.app_error_handler) for app_error_handler
    main.o(i.bsp_event_handler) refers to ble_advertising.o(i.ble_advertising_restart_without_whitelist) for ble_advertising_restart_without_whitelist
    main.o(i.bsp_event_handler) refers to main.o(.data) for m_conn_handle
    main.o(i.bsp_event_handler) refers to main.o(.bss) for m_advertising
    main.o(i.buttons_leds_init) refers to bsp.o(i.bsp_init) for bsp_init
    main.o(i.buttons_leds_init) refers to app_error.o(i.app_error_handler) for app_error_handler
    main.o(i.buttons_leds_init) refers to bsp_btn_ble.o(i.bsp_btn_ble_init) for bsp_btn_ble_init
    main.o(i.buttons_leds_init) refers to main.o(i.bsp_event_handler) for bsp_event_handler
    main.o(i.conn_params_error_handler) refers to app_error.o(i.app_error_handler) for app_error_handler
    main.o(i.conn_params_init) refers to memseta.o(.text) for __aeabi_memclr4
    main.o(i.conn_params_init) refers to ble_conn_params.o(i.ble_conn_params_init) for ble_conn_params_init
    main.o(i.conn_params_init) refers to app_error.o(i.app_error_handler) for app_error_handler
    main.o(i.conn_params_init) refers to main.o(i.on_conn_params_evt) for on_conn_params_evt
    main.o(i.conn_params_init) refers to main.o(i.conn_params_error_handler) for conn_params_error_handler
    main.o(i.delete_bonds) refers to nrf_log_frontend.o(i.nrf_log_frontend_std_0) for nrf_log_frontend_std_0
    main.o(i.delete_bonds) refers to peer_manager.o(i.pm_peers_delete) for pm_peers_delete
    main.o(i.delete_bonds) refers to app_error.o(i.app_error_handler) for app_error_handler
    main.o(i.delete_bonds) refers to nrf_log_frontend.o(log_dynamic_data) for m_nrf_log_app_logs_data_dynamic
    main.o(i.fds_evt_handler) refers to main.o(.data) for init_flag
    main.o(i.fds_get_data) refers to fds.o(i.fds_record_find) for fds_record_find
    main.o(i.fds_get_data) refers to fds.o(i.fds_record_open) for fds_record_open
    main.o(i.fds_get_data) refers to fds.o(i.fds_record_close) for fds_record_close
    main.o(i.fds_test_init) refers to fds.o(i.fds_register) for fds_register
    main.o(i.fds_test_init) refers to fds.o(i.fds_init) for fds_init
    main.o(i.fds_test_init) refers to main.o(i.fds_evt_handler) for fds_evt_handler
    main.o(i.fds_write_value) refers to fds.o(i.fds_record_write) for fds_record_write
[...]
    m_nrf_log_pwr_mgmt_logs_data_const       0x00030d80   Data           8  nrf_pwr_mgmt.o(log_const_data)
    m_nrf_log_app_logs_data_const            0x00030d88   Data           8  nrf_log_frontend.o(log_const_data)
    m_nrf_log_nrf_sdh_logs_data_const        0x00030d90   Data           8  nrf_sdh.o(log_const_data)
    m_nrf_log_nrf_sdh_ble_logs_data_const    0x00030d98   Data           8  nrf_sdh_ble.o(log_const_data)
    m_nrf_log_nrf_sdh_soc_logs_data_const    0x00030da0   Data           8  nrf_sdh_soc.o(log_const_data)
    log_const_data$$Limit                    0x00030da8   Number         0  nrf_sdh_soc.o(log_const_data)
    pwr_mgmt_data0$$Base                     0x00030da8   Number         0  main.o(pwr_mgmt_data0)
    pwr_mgmt_data0$$Limit                    0x00030dac   Number         0  main.o(pwr_mgmt_data0)
    sdh_ble_observers0$$Base                 0x00030dac   Number         0  ble_conn_state.o(sdh_ble_observers0)
    sdh_ble_observers0$$Limit                0x00030db4   Number         0  ble_conn_state.o(sdh_ble_observers0)
    sdh_ble_observers1$$Base                 0x00030db4   Number         0  main.o(sdh_ble_observers1)
    sdh_ble_observers1$$Limit                0x00030dc4   Number         0  bsp_btn_ble.o(sdh_ble_observers1)
    sdh_ble_observers2$$Base                 0x00030dc4   Number         0  main.o(sdh_ble_observers2)
    m_req_obs                                0x00030df4   Data           8  nrf_fstorage_sd.o(sdh_req_observers0)
    sdh_ble_observers2$$Limit                0x00030df4   Number         0  ble_dfu.o(sdh_ble_observers2)
    sdh_req_observers0$$Base                 0x00030df4   Number         0  nrf_fstorage_sd.o(sdh_req_observers0)
    sdh_req_observers0$$Limit                0x00030dfc   Number         0  nrf_fstorage_sd.o(sdh_req_observers0)
    sdh_soc_observers0$$Base                 0x00030dfc   Number         0  nrf_drv_clock.o(sdh_soc_observers0)
    sdh_soc_observers0$$Limit                0x00030e0c   Number         0  nrf_fstorage_sd.o(sdh_soc_observers0)
    sdh_soc_observers1$$Base                 0x00030e0c   Number         0  main.o(sdh_soc_observers1)
    sdh_soc_observers1$$Limit                0x00030e1c   Number         0  ble_dfu_unbonded.o(sdh_soc_observers1)
    sdh_stack_observers0$$Base               0x00030e1c   Number         0  nrf_sdh_ble.o(sdh_stack_observers0)
    sdh_stack_observers0$$Limit              0x00030e2c   Number         0  nrf_sdh_soc.o(sdh_stack_observers0)
    sdh_state_observers0$$Base               0x00030e2c   Number         0  nrf_drv_clock.o(sdh_state_observers0)
    sdh_state_observers0$$Limit              0x00030e3c   Number         0  nrf_fstorage_sd.o(sdh_state_observers0)
    Image$$RW_IRAM1$$Base                    0x20002770   Number         0  anon$$obj.o ABSOLUTE
    init_flag                                0x20002774   Data           1  main.o(.data)
    write_flag                               0x20002775   Data           1  main.o(.data)
    delete_flag                              0x20002776   Data           1  main.o(.data)
    file_id                                  0x20002778   Data           2  main.o(.data)
    rec_key                                  0x2000277a   Data           2  main.o(.data)
    value_flash                              0x2000277c   Data           4  main.o(.data)
    mp_dfu                                   0x20002810   Data           4  ble_dfu_unbonded.o(.data)
    SystemCoreClock                          0x200028d8   Data           4  system_nrf52.o(.data)
    fs_data$$Base                            0x200028dc   Number         0  fds.o(fs_data)
    m_fs                                     0x200028dc   Data          20  fds.o(fs_data)
    fs_data$$Limit                           0x200028f0   Number         0  fds.o(fs_data)
    log_dynamic_data$$Base                   0x200028f0   Number         0  nrf_ble_gatt.o(log_dynamic_data)
    m_nrf_log_ble_gatt_logs_data_dynamic     0x200028f0   Data          12  nrf_ble_gatt.o(log_dynamic_data)
    m_nrf_log_clock_logs_data_dynamic        0x200028fc   Data          12  nrf_drv_clock.o(log_dynamic_data)
    m_nrf_log_gpiote_logs_data_dynamic       0x20002908   Data          12  nrf_drv_gpiote.o(log_dynamic_data)
    m_nrf_log_uart_logs_data_dynamic         0x20002914   Data          12  nrf_drv_uart.o(log_dynamic_data)
    m_nrf_log_balloc_logs_data_dynamic       0x20002920   Data          12  nrf_balloc.o(log_dynamic_data)
    m_nrf_log_pwr_mgmt_logs_data_dynamic     0x2000292c   Data          12  nrf_pwr_mgmt.o(log_dynamic_data)
    m_nrf_log_app_logs_data_dynamic          0x20002938   Data          12  nrf_log_frontend.o(log_dynamic_data)
    m_nrf_log_nrf_sdh_logs_data_dynamic      0x20002944   Data          12  nrf_sdh.o(log_dynamic_data)
    m_nrf_log_nrf_sdh_ble_logs_data_dynamic  0x20002950   Data          12  nrf_sdh_ble.o(log_dynamic_data)
    m_nrf_log_nrf_sdh_soc_logs_data_dynamic  0x2000295c   Data          12  nrf_sdh_soc.o(log_dynamic_data)
    nrf_nvic_state                           0x200035b0   Data          12  app_util_platform.o(.bss)
    _SEGGER_RTT                              0x20003c44   Data         120  segger_rtt.o(.bss)
    __initial_sp                             0x20005ed0   Data           0  arm_startup_nrf52.o(STACK)



==============================================================================

Memory Map of the image

  Image Entry point : 0x00023201

  Load Region LR_IROM1 (Base: 0x00023000, Size: 0x0000e034, Max: 0x00055000, ABSOLUTE, COMPRESSED[0x0000dea4])

    Execution Region ER_IROM1 (Base: 0x00023000, Size: 0x0000de3c, Max: 0x00055000, ABSOLUTE)

    Base Addr    Size         Type   Attr      Idx    E Section Name        Object

    0x00023000   0x00000200   Data   RO         6826    RESET               arm_startup_nrf52.o
    0x00023200   0x00000000   Code   RO         6921  * .ARM.Collect$$$$00000000  mc_w.l(entry.o)
    0x00023200   0x00000004   Code   RO         6966    .ARM.Collect$$$$00000001  mc_w.l(entry2.o)
    0x00023204   0x00000004   Code   RO         6969    .ARM.Collect$$$$00000004  mc_w.l(entry5.o)
    0x00023208   0x00000000   Code   RO         6971    .ARM.Collect$$$$00000008  mc_w.l(entry7b.o)
    0x00023208   0x00000000   Code   RO         6973    .ARM.Collect$$$$0000000A  mc_w.l(entry8b.o)
    0x00023208   0x00000008   Code   RO         6974    .ARM.Collect$$$$0000000B  mc_w.l(entry9a.o)
    0x00023210   0x00000000   Code   RO         6976    .ARM.Collect$$$$0000000D  mc_w.l(entry10a.o)
    0x00023210   0x00000000   Code   RO         6978    .ARM.Collect$$$$0000000F  mc_w.l(entry11a.o)
    0x00023210   0x00000004   Code   RO         6967    .ARM.Collect$$$$00002712  mc_w.l(entry2.o)
    0x00023214   0x0000009a   Code   RO         5350    .emb_text           nrf_memobj.o
    0x000232ae   0x00000002   PAD
    0x000232b0   0x0000009a   Code   RO         5438    .emb_text           nrf_pwr_mgmt.o
    0x0002334a   0x00000002   PAD
    0x0002334c   0x0000009a   Code   RO         6032    .emb_text           nrf_log_frontend.o
    0x000233e6   0x00000002   PAD
    0x000233e8   0x00000024   Code   RO         6827    .text               arm_startup_nrf52.o
    0x0002340c   0x00000062   Code   RO         6924    .text               mc_w.l(uldiv.o)
    0x0002346e   0x00000002   PAD
    0x00023470   0x00000008   Code   RO         6926    .text               mc_w.l(ctype_o.o)
    0x00023478   0x00000024   Code   RO         6954    .text               mc_w.l(memcpya.o)
    0x0002349c   0x00000024   Code   RO         6956    .text               mc_w.l(memseta.o)
    0x000234c0   0x0000000e   Code   RO         6958    .text               mc_w.l(strlen.o)
    0x000234ce   0x0000001a   Code   RO         6960    .text               mc_w.l(memcmp.o)
    0x000234e8   0x00000012   Code   RO         6962    .text               mc_w.l(strcpy.o)
    0x000234fa   0x0000001e   Code   RO         6980    .text               mc_w.l(llshl.o)
    0x00023518   0x00000020   Code   RO         6982    .text               mc_w.l(llushr.o)
    0x00023538   0x00000024   Code   RO         6984    .text               mc_w.l(init.o)
    0x0002355c   0x00000056   Code   RO         6994    .text               mc_w.l(__dczerorl2.o)
    0x000235b2   0x00000002   PAD
    0x000235b4   0x00000238   Code   RO         3467    i.GPIOTE_IRQHandler  nrf_drv_gpiote.o
    0x000237ec   0x00000018   Code   RO         4260    i.NVIC_ClearPendingIRQ  app_timer.o
    0x00023804   0x00000016   Code   RO         4261    i.NVIC_EnableIRQ    app_timer.o
    0x0002381a   0x00000002   PAD
    0x0002381c   0x00000018   Code   RO         4262    i.NVIC_SetPendingIRQ  app_timer.o
    0x00023834   0x00000028   Code   RO         4263    i.NVIC_SetPriority  app_timer.o
    0x0002385c   0x00000050   Code   RO         3229    i.POWER_CLOCK_IRQHandler  nrf_drv_clock.o
    0x000238ac   0x00000034   Code   RO         4264    i.RTC1_IRQHandler   app_timer.o
    0x000238e0   0x00000008   Code   RO         6330    i.SEGGER_RTT_Init   segger_rtt.o
    0x000238e8   0x0000003c   Code   RO         6340    i.SEGGER_RTT_Write  segger_rtt.o
    0x00023924   0x00000084   Code   RO         6341    i.SEGGER_RTT_WriteNoLock  segger_rtt.o
    0x000239a8   0x00000022   Code   RO         6505    i.SEGGER_RTT_printf  segger_rtt_printf.o
    0x000239ca   0x0000020a   Code   RO         6506    i.SEGGER_RTT_vprintf  segger_rtt_printf.o
    0x00023bd4   0x00000008   Code   RO         4265    i.SWI0_EGU0_IRQHandler  app_timer.o
    0x00023bdc   0x00000008   Code   RO         6555    i.SWI2_EGU2_IRQHandler  nrf_sdh.o
    0x00023be4   0x00000010   Code   RO         6834    i.SystemCoreClockUpdate  system_nrf52.o
    0x00023bf4   0x00000284   Code   RO         6835    i.SystemInit        system_nrf52.o
    0x00023e78   0x00000024   Code   RO         3758    i.UARTE0_UART0_IRQHandler  nrf_drv_uart.o
    0x00023e9c   0x00000070   Code   RO         6345    i._DoInit           segger_rtt.o
    0x00023f0c   0x0000001c   Code   RO         6346    i._GetAvailWriteSpace  segger_rtt.o
    0x00023f28   0x000000ec   Code   RO         6507    i._PrintInt         segger_rtt_printf.o
    0x00024014   0x000000ec   Code   RO         6508    i._PrintUnsigned    segger_rtt_printf.o
    0x00024100   0x00000044   Code   RO         6509    i._StoreChar        segger_rtt_printf.o
    0x00024144   0x00000072   Code   RO         6348    i._WriteBlocking    segger_rtt.o
    0x000241b6   0x0000004c   Code   RO         6349    i._WriteNoCheck     segger_rtt.o
    0x00024202   0x0000000e   Code   RO         6988    i.__scatterload_copy  mc_w.l(handlers.o)
    0x00024210   0x00000002   Code   RO         6989    i.__scatterload_null  mc_w.l(handlers.o)
    0x00024212   0x0000000e   Code   RO         6990    i.__scatterload_zeroinit  mc_w.l(handlers.o)
    0x00024220   0x00000038   Code   RO         6556    i.__sd_nvic_app_accessible_irq  nrf_sdh.o
    0x00024258   0x0000000c   Code   RO         4484    i.__sd_nvic_irq_disable  app_util_platform.o
    0x00024264   0x00000032   Code   RO         1637    i.addr_compare      id_manager.o
    0x00024296   0x00000010   Code   RO         5172    i.addr_is_aligned32  nrf_fstorage.o
    0x000242a6   0x00000018   Code   RO          939    i.addr_is_valid     ble_advertising.o
    0x000242be   0x0000001c   Code   RO         5173    i.addr_within_bounds  nrf_fstorage.o
    0x000242da   0x00000002   PAD
    0x000242dc   0x0000002c   Code   RO         4589    i.address_is_valid  fds.o
    0x00024308   0x00000052   Code   RO          940    i.adv_mode_next_avail_get  ble_advertising.o
    0x0002435a   0x00000012   Code   RO          941    i.adv_mode_next_get  ble_advertising.o
    0x0002436c   0x00000012   Code   RO          832    i.advdata_check     ble_advdata.o
    0x0002437e   0x00000054   Code   RO          731    i.advertising_buttons_configure  bsp_btn_ble.o
    0x000243d2   0x00000002   PAD
    0x000243d4   0x00000088   Code   RO            4    i.advertising_init  main.o
    0x0002445c   0x00000048   Code   RO            5    i.advertising_start  main.o
    0x000244a4   0x00000056   Code   RO         1638    i.ah                id_manager.o
    0x000244fa   0x0000000c   Code   RO          614    i.alert_timer_handler  bsp.o
    0x00024506   0x00000002   PAD
    0x00024508   0x0000002c   Code   RO         4070    i.app_button_enable  app_button.o
    0x00024534   0x000000a8   Code   RO         4071    i.app_button_init   app_button.o
    0x000245dc   0x0000005c   Code   RO         4171    i.app_error_fault_handler  app_error_weak.o
    0x00024638   0x00000020   Code   RO         4131    i.app_error_handler  app_error.o
    0x00024658   0x00000088   Code   RO         4133    i.app_error_save_and_stop  app_error.o
    0x000246e0   0x0000001e   Code   RO         5656    i.app_fifo_get      app_fifo.o
    0x000246fe   0x00000024   Code   RO         5657    i.app_fifo_init     app_fifo.o
    0x00024722   0x00000022   Code   RO         5659    i.app_fifo_put      app_fifo.o
    0x00024744   0x00000098   Code   RO            6    i.app_shutdown_handler  main.o
    0x000247dc   0x0000003c   Code   RO         4268    i.app_timer_create  app_timer.o
    0x00024818   0x0000005c   Code   RO         4269    i.app_timer_init    app_timer.o
    0x00024874   0x00000054   Code   RO         4272    i.app_timer_start   app_timer.o
    0x000248c8   0x00000030   Code   RO         4273    i.app_timer_stop    app_timer.o
    0x000248f8   0x00000094   Code   RO         5740    i.app_uart_get      app_uart_fifo.o
    0x0002498c   0x000000e8   Code   RO         5741    i.app_uart_init     app_uart_fifo.o
    0x00024a74   0x00000040   Code   RO         5742    i.app_uart_put      app_uart_fifo.o
    0x00024ab4   0x0000000c   Code   RO         4485    i.app_util_critical_region_enter  app_util_platform.o
    0x00024ac0   0x00000048   Code   RO         4486    i.app_util_critical_region_exit  app_util_platform.o
    0x00024b08   0x00000052   Code   RO          833    i.appearance_encode  ble_advdata.o
    0x00024b5a   0x00000002   Code   RO            7    i.application_timers_start  main.o
    0x00024b5c   0x000000e4   Code   RO         3759    i.apply_config      nrf_drv_uart.o
    0x00024c40   0x00000058   Code   RO         1414    i.apply_pending_flags_check  gatt_cache_manager.o
    0x00024c98   0x00000014   Code   RO         2774    i.auth_status_failure_process  security_dispatcher.o
    0x00024cac   0x0000001c   Code   RO         2775    i.auth_status_process  security_dispatcher.o
    0x00024cc8   0x000000bc   Code   RO         2776    i.auth_status_success_process  security_dispatcher.o
    0x00024d84   0x00000038   Code   RO         6033    i.backend_id_assign  nrf_log_frontend.o
    0x00024dbc   0x0000016c   Code   RO          834    i.ble_advdata_encode  ble_advdata.o
    0x00024f28   0x00000094   Code   RO          835    i.ble_advdata_set   ble_advdata.o
    0x00024fbc   0x00000006   Code   RO          942    i.ble_advertising_conn_cfg_tag_set  ble_advertising.o
    0x00024fc2   0x00000142   Code   RO          943    i.ble_advertising_init  ble_advertising.o
    0x00025104   0x0000003c   Code   RO          945    i.ble_advertising_on_ble_evt  ble_advertising.o
    0x00025140   0x00000044   Code   RO          946    i.ble_advertising_on_sys_evt  ble_advertising.o
    0x00025184   0x00000048   Code   RO          948    i.ble_advertising_restart_without_whitelist  ble_advertising.o
    0x000251cc   0x00000128   Code   RO          949    i.ble_advertising_start  ble_advertising.o
    0x000252f4   0x0000009c   Code   RO         1075    i.ble_conn_params_init  ble_conn_params.o
    0x00025390   0x00000018   Code   RO         1171    i.ble_conn_state_conn_handles  ble_conn_state.o
    0x000253a8   0x00000018   Code   RO         1173    i.ble_conn_state_encrypted  ble_conn_state.o
    0x000253c0   0x00000018   Code   RO         1175    i.ble_conn_state_mitm_protected  ble_conn_state.o
    0x000253d8   0x00000038   Code   RO         1180    i.ble_conn_state_role  ble_conn_state.o
    0x00025410   0x00000024   Code   RO         1182    i.ble_conn_state_user_flag_acquire  ble_conn_state.o
    0x00025434   0x0000001c   Code   RO         1183    i.ble_conn_state_user_flag_collection  ble_conn_state.o
    0x00025450   0x00000028   Code   RO         1184    i.ble_conn_state_user_flag_get  ble_conn_state.o
    0x00025478   0x00000028   Code   RO         1185    i.ble_conn_state_user_flag_set  ble_conn_state.o
    0x000254a0   0x00000076   Code   RO          836    i.ble_device_addr_encode  ble_advdata.o
    0x00025516   0x00000002   PAD
    0x00025518   0x00000040   Code   RO         3060    i.ble_dfu_buttonless_bootloader_start_finalize  ble_dfu.o
    0x00025558   0x0000001c   Code   RO         3162    i.ble_dfu_buttonless_bootloader_start_prepare  ble_dfu_unbonded.o
    0x00025574   0x0000005a   Code   RO         3062    i.ble_dfu_buttonless_on_ble_evt  ble_dfu.o
    0x000255ce   0x00000002   PAD
    0x000255d0   0x00000078   Code   RO         3164    i.ble_dfu_buttonless_on_ctrl_pt_write  ble_dfu_unbonded.o
    0x00025648   0x00000080   Code   RO         3165    i.ble_dfu_buttonless_on_sys_evt  ble_dfu_unbonded.o
    0x000256c8   0x00000064   Code   RO         3063    i.ble_dfu_buttonless_resp_send  ble_dfu.o
    0x0002572c   0x0000018c   Code   RO           10    i.ble_evt_handler   main.o
    0x000258b8   0x00000078   Code   RO          732    i.ble_evt_handler   bsp_btn_ble.o
    0x00025930   0x00000040   Code   RO         1077    i.ble_evt_handler   ble_conn_params.o
    0x00025970   0x000000e0   Code   RO         1187    i.ble_evt_handler   ble_conn_state.o
    0x00025a50   0x0000002c   Code   RO         2402    i.ble_evt_handler   peer_manager.o
    0x00025a7c   0x00000094   Code   RO         6762    i.ble_nus_init      ble_nus.o
    0x00025b10   0x000000c0   Code   RO         6763    i.ble_nus_on_ble_evt  ble_nus.o
    0x00025bd0   0x00000052   Code   RO         6764    i.ble_nus_string_send  ble_nus.o
    0x00025c22   0x00000012   Code   RO         1347    i.ble_srv_is_indication_enabled  ble_srv_common.o
    0x00025c34   0x00000012   Code   RO         1348    i.ble_srv_is_notification_enabled  ble_srv_common.o
    0x00025c46   0x00000002   PAD
    0x00025c48   0x00000078   Code   RO           11    i.ble_stack_init    main.o
    0x00025cc0   0x0000000c   Code   RO          493    i.bsp_board_button_idx_to_pin  boards.o
    0x00025ccc   0x00000030   Code   RO          494    i.bsp_board_button_state_get  boards.o
    0x00025cfc   0x00000030   Code   RO          497    i.bsp_board_led_invert  boards.o
    0x00025d2c   0x00000014   Code   RO          498    i.bsp_board_led_off  boards.o
    0x00025d40   0x00000014   Code   RO          499    i.bsp_board_led_on  boards.o
    0x00025d54   0x00000030   Code   RO          500    i.bsp_board_led_state_get  boards.o
    0x00025d84   0x00000030   Code   RO          501    i.bsp_board_leds_init  boards.o
    0x00025db4   0x00000014   Code   RO          502    i.bsp_board_leds_off  boards.o
    0x00025dc8   0x00000014   Code   RO          503    i.bsp_board_leds_on  boards.o
    0x00025ddc   0x00000024   Code   RO          504    i.bsp_board_pin_to_button_idx  boards.o
    0x00025e00   0x0000002c   Code   RO          733    i.bsp_btn_ble_init  bsp_btn_ble.o
    0x00025e2c   0x00000032   Code   RO          734    i.bsp_btn_ble_sleep_mode_prepare  bsp_btn_ble.o
    0x00025e5e   0x00000002   PAD
    0x00025e60   0x000000c4   Code   RO          615    i.bsp_button_event_handler  bsp.o
    0x00025f24   0x0000000c   Code   RO          616    i.bsp_button_is_pressed  bsp.o
    0x00025f30   0x00000090   Code   RO           12    i.bsp_event_handler  main.o
    0x00025fc0   0x0000005c   Code   RO          619    i.bsp_event_to_button_action_assign  bsp.o
    0x0002601c   0x00000020   Code   RO          620    i.bsp_indication_set  bsp.o
    0x0002603c   0x000000ac   Code   RO          621    i.bsp_init          bsp.o
    0x000260e8   0x0000037c   Code   RO          622    i.bsp_led_indication  bsp.o
    0x00026464   0x00000016   Code   RO          624    i.bsp_wakeup_button_enable  bsp.o
    0x0002647a   0x00000002   PAD
    0x0002647c   0x00000074   Code   RO         6034    i.buf_prealloc      nrf_log_frontend.o
    0x000264f0   0x00000020   Code   RO         5130    i.buffer_add        nrf_fprintf_format.o
    0x00026510   0x00000018   Code   RO         6035    i.buffer_is_empty   nrf_log_frontend.o
    0x00026528   0x0000000e   Code   RO          625    i.button_timer_handler  bsp.o
    0x00026536   0x00000002   PAD
    0x00026538   0x00000070   Code   RO           13    i.buttons_leds_init  main.o
    0x000265a8   0x00000020   Code   RO         1415    i.cccd_written      gatt_cache_manager.o
    0x000265c8   0x00000020   Code   RO         3468    i.channel_free      nrf_drv_gpiote.o
    0x000265e8   0x00000010   Code   RO         3469    i.channel_handler_get  nrf_drv_gpiote.o
    0x000265f8   0x00000080   Code   RO         3470    i.channel_port_alloc  nrf_drv_gpiote.o
    0x00026678   0x0000000c   Code   RO         3471    i.channel_port_get  nrf_drv_gpiote.o
    0x00026684   0x0000004a   Code   RO         2307    i.claim             peer_id.o
    0x000266ce   0x00000002   PAD
    0x000266d0   0x00000030   Code   RO         3230    i.clock_clk_started_notify  nrf_drv_clock.o
    0x00026700   0x00000090   Code   RO         4275    i.compare_reg_update  app_timer.o
    0x00026790   0x0000005a   Code   RO          837    i.conn_int_check    ble_advdata.o
    0x000267ea   0x00000068   Code   RO          838    i.conn_int_encode   ble_advdata.o
    0x00026852   0x00000002   PAD
    0x00026854   0x00000028   Code   RO           14    i.conn_params_error_handler  main.o
    0x0002687c   0x00000070   Code   RO           15    i.conn_params_init  main.o
    0x000268ec   0x00000054   Code   RO         1078    i.conn_params_negotiation  ble_conn_params.o
    0x00026940   0x00000058   Code   RO         2777    i.conn_sec_update_process  security_dispatcher.o
    0x00026998   0x00000054   Code   RO          735    i.connection_buttons_configure  bsp_btn_ble.o
    0x000269ec   0x00000050   Code   RO         1838    i.data_length_update  nrf_ble_gatt.o
    0x00026a3c   0x00000058   Code   RO           16    i.delete_bonds      main.o
    0x00026a94   0x0000004a   Code   RO         4590    i.delete_execute    fds.o
    0x00026ade   0x00000002   PAD
    0x00026ae0   0x0000008c   Code   RO         4073    i.detection_delay_timeout_handler  app_button.o
    0x00026b6c   0x00000022   Code   RO         2778    i.disconnect_process  security_dispatcher.o
    0x00026b8e   0x00000002   PAD
    0x00026b90   0x00000064   Code   RO         4276    i.elapsed_ticks_acquire  app_timer.o
    0x00026bf4   0x00000038   Code   RO         2779    i.encryption_failure  security_dispatcher.o
    0x00026c2c   0x00000048   Code   RO         3166    i.enter_bootloader  ble_dfu_unbonded.o
    0x00026c74   0x00000050   Code   RO         5228    i.erase             nrf_fstorage_sd.o
    0x00026cc4   0x0000000e   Code   RO         5229    i.erase_execute     nrf_fstorage_sd.o
    0x00026cd2   0x00000002   PAD
    0x00026cd4   0x00000054   Code   RO         6836    i.errata_108        system_nrf52.o
    0x00026d28   0x00000054   Code   RO         6837    i.errata_12         system_nrf52.o
    0x00026d7c   0x00000054   Code   RO         6838    i.errata_136        system_nrf52.o
    0x00026dd0   0x00000030   Code   RO         6839    i.errata_16         system_nrf52.o
    0x00026e00   0x00000054   Code   RO         6840    i.errata_31         system_nrf52.o
    0x00026e54   0x00000030   Code   RO         6841    i.errata_32         system_nrf52.o
    0x00026e84   0x00000054   Code   RO         6842    i.errata_36         system_nrf52.o
    0x00026ed8   0x00000030   Code   RO         6843    i.errata_37         system_nrf52.o
    0x00026f08   0x00000030   Code   RO         6844    i.errata_57         system_nrf52.o
    0x00026f38   0x00000030   Code   RO         6845    i.errata_66         system_nrf52.o
    0x00026f68   0x0000007e   Code   RO         4592    i.event_prepare     fds.o
    0x00026fe6   0x00000002   PAD
    0x00026fe8   0x00000028   Code   RO         4593    i.event_send        fds.o
    0x00027010   0x00000064   Code   RO         5230    i.event_send        nrf_fstorage_sd.o
    0x00027074   0x00000042   Code   RO         2924    i.events_send_from_err_code  security_manager.o
    0x000270b6   0x00000002   PAD
    0x000270b8   0x00000020   Code   RO         1416    i.evt_send          gatt_cache_manager.o
    0x000270d8   0x00000020   Code   RO         1547    i.evt_send          gatts_cache_manager.o
    0x000270f8   0x00000020   Code   RO         1639    i.evt_send          id_manager.o
    0x00027118   0x00000028   Code   RO         2403    i.evt_send          peer_manager.o
    0x00027140   0x00000020   Code   RO         2780    i.evt_send          security_dispatcher.o
    0x00027160   0x00000020   Code   RO         2925    i.evt_send          security_manager.o
    0x00027180   0x00000058   Code   RO         4277    i.expired_timers_handler  app_timer.o
    0x000271d8   0x00000040   Code   RO           17    i.fds_evt_handler   main.o
    0x00027218   0x0000013c   Code   RO         1960    i.fds_evt_handler   peer_data_storage.o
    0x00027354   0x00000044   Code   RO         4595    i.fds_file_delete   fds.o
    0x00027398   0x0000003c   Code   RO         4596    i.fds_gc            fds.o
    0x000273d4   0x000000c4   Code   RO         4597    i.fds_init          fds.o
    0x00027498   0x00000058   Code   RO         4598    i.fds_record_close  fds.o
    0x000274f0   0x00000016   Code   RO         4600    i.fds_record_find   fds.o
    0x00027506   0x00000014   Code   RO         4601    i.fds_record_find_by_key  fds.o
    0x0002751a   0x00000014   Code   RO         4602    i.fds_record_find_in_file  fds.o
    0x0002752e   0x00000012   Code   RO         4603    i.fds_record_id_from_desc  fds.o
    0x00027540   0x0000004c   Code   RO         4605    i.fds_record_open   fds.o
    0x0002758c   0x0000001a   Code   RO         4606    i.fds_record_update  fds.o
    0x000275a6   0x00000014   Code   RO         4607    i.fds_record_write  fds.o
    0x000275ba   0x0000001c   Code   RO         4608    i.fds_record_write_reserved  fds.o
    0x000275d6   0x00000002   PAD
    0x000275d8   0x00000030   Code   RO         4609    i.fds_register      fds.o
    0x00027608   0x00000030   Code   RO         4610    i.fds_reserve       fds.o
    0x00027638   0x00000050   Code   RO         4611    i.fds_reserve_cancel  fds.o
    0x00027688   0x00000024   Code   RO           19    i.fds_test_init     main.o
    0x000276ac   0x0000005c   Code   RO           20    i.fds_write_value   main.o
    0x00027708   0x00000018   Code   RO         5662    i.fifo_get          app_fifo.o
    0x00027720   0x0000000a   Code   RO         5663    i.fifo_length       app_fifo.o
    0x0002772a   0x0000000a   Code   RO         5743    i.fifo_length       app_uart_fifo.o
    0x00027734   0x00000012   Code   RO         5664    i.fifo_peek         app_fifo.o
    0x00027746   0x00000012   Code   RO         5665    i.fifo_put          app_fifo.o
    0x00027758   0x00000034   Code   RO         4613    i.file_find_and_delete  fds.o
    0x0002778c   0x0000000a   Code   RO         1961    i.file_id_to_peer_id  peer_data_storage.o
    0x00027796   0x00000018   Code   RO         1962    i.file_id_within_pm_range  peer_data_storage.o
    0x000277ae   0x00000002   PAD
    0x000277b0   0x00000010   Code   RO         4614    i.flag_clear        fds.o
    0x000277c0   0x00000012   Code   RO         2781    i.flag_id_init      security_dispatcher.o
    0x000277d2   0x00000012   Code   RO         2926    i.flag_id_init      security_manager.o
    0x000277e4   0x00000018   Code   RO         4615    i.flag_is_set       fds.o
    0x000277fc   0x00000010   Code   RO         4616    i.flag_set          fds.o
    0x0002780c   0x00000036   Code   RO          839    i.flags_encode      ble_advdata.o
    0x00027842   0x00000002   PAD
    0x00027844   0x0000009c   Code   RO         2927    i.flags_set_from_err_code  security_manager.o
    0x000278e0   0x0000000a   Code   RO          951    i.flash_access_in_progress  ble_advertising.o
    0x000278ea   0x00000002   PAD
    0x000278ec   0x0000001c   Code   RO         4617    i.flash_bounds_set  fds.o
    0x00027908   0x0000001a   Code   RO         4618    i.flash_end_addr    fds.o
    0x00027922   0x0000000c   Code   RO         4619    i.fs_event_handler  fds.o
    0x0002792e   0x00000002   PAD
    0x00027930   0x0000009c   Code   RO           21    i.gap_params_init   main.o
    0x000279cc   0x0000003c   Code   RO           22    i.gatt_init         main.o
    0x00027a08   0x00000070   Code   RO         4620    i.gc_execute        fds.o
    0x00027a78   0x0000003c   Code   RO         4621    i.gc_init           fds.o
    0x00027ab4   0x00000028   Code   RO         4622    i.gc_next_page      fds.o
    0x00027adc   0x00000044   Code   RO         4623    i.gc_page_erase     fds.o
    0x00027b20   0x00000048   Code   RO         4624    i.gc_page_next      fds.o
    0x00027b68   0x00000040   Code   RO         4625    i.gc_record_copy    fds.o
    0x00027ba8   0x00000024   Code   RO         4626    i.gc_record_find_next  fds.o
    0x00027bcc   0x00000058   Code   RO         4627    i.gc_state_advance  fds.o
    0x00027c24   0x0000002c   Code   RO         4628    i.gc_swap_erase     fds.o
    0x00027c50   0x00000044   Code   RO         4629    i.gc_swap_pages     fds.o
    0x00027c94   0x00000020   Code   RO         4630    i.gc_swap_promote   fds.o
    0x00027cb4   0x00000018   Code   RO         4631    i.gc_tag_new_swap   fds.o
    0x00027ccc   0x00000020   Code   RO         4632    i.gc_update_swap_offset  fds.o
    0x00027cec   0x00000074   Code   RO         1417    i.gcm_ble_evt_handler  gatt_cache_manager.o
    0x00027d60   0x00000078   Code   RO         1418    i.gcm_gscm_evt_handler  gatt_cache_manager.o
    0x00027dd8   0x00000030   Code   RO         1419    i.gcm_im_evt_handler  gatt_cache_manager.o
    0x00027e08   0x00000068   Code   RO         1420    i.gcm_init          gatt_cache_manager.o
    0x00027e70   0x0000004c   Code   RO         1421    i.gcm_local_database_has_changed  gatt_cache_manager.o
    0x00027ebc   0x00000018   Code   RO         1424    i.gcm_smd_evt_handler  gatt_cache_manager.o
    0x00027ed4   0x0000003c   Code   RO         1640    i.get_connection_by_conn_handle  id_manager.o
    0x00027f10   0x00000034   Code   RO         1641    i.get_free_connection  id_manager.o
    0x00027f44   0x00000080   Code   RO         4074    i.gpiote_event_handler  app_button.o
    0x00027fc4   0x0000001c   Code   RO         1548    i.gscm_db_change_notification_done  gatts_cache_manager.o
    0x00027fe0   0x00000014   Code   RO         1549    i.gscm_init         gatts_cache_manager.o
    0x00027ff4   0x00000018   Code   RO         1550    i.gscm_local_database_has_changed  gatts_cache_manager.o
    0x0002800c   0x00000090   Code   RO         1551    i.gscm_local_db_cache_apply  gatts_cache_manager.o
    0x0002809c   0x00000096   Code   RO         1553    i.gscm_local_db_cache_update  gatts_cache_manager.o
    0x00028132   0x00000002   PAD
    0x00028134   0x00000058   Code   RO         1554    i.gscm_pdb_evt_handler  gatts_cache_manager.o
    0x0002818c   0x00000024   Code   RO         1555    i.gscm_service_changed_ind_needed  gatts_cache_manager.o
    0x000281b0   0x0000003c   Code   RO         1556    i.gscm_service_changed_ind_send  gatts_cache_manager.o
    0x000281ec   0x00000018   Code   RO         4633    i.header_is_valid   fds.o
    0x00028204   0x0000004c   Code   RO         1642    i.im_address_resolve  id_manager.o
    0x00028250   0x00000034   Code   RO         1643    i.im_ble_addr_get   id_manager.o
    0x00028284   0x000000ce   Code   RO         1644    i.im_ble_evt_handler  id_manager.o
    0x00028352   0x00000002   PAD
    0x00028354   0x00000030   Code   RO         1645    i.im_conn_handle_get  id_manager.o
    0x00028384   0x0000002c   Code   RO         1649    i.im_init           id_manager.o
    0x000283b0   0x00000044   Code   RO         1650    i.im_is_duplicate_bonding_data  id_manager.o
    0x000283f4   0x00000022   Code   RO         1651    i.im_master_id_is_valid  id_manager.o
    0x00028416   0x00000032   Code   RO         1652    i.im_master_ids_compare  id_manager.o
    0x00028448   0x00000010   Code   RO         1653    i.im_new_peer_id    id_manager.o
    0x00028458   0x0000007c   Code   RO         1654    i.im_pdb_evt_handler  id_manager.o
    0x000284d4   0x0000002a   Code   RO         1655    i.im_peer_free      id_manager.o
    0x000284fe   0x00000002   PAD
    0x00028500   0x00000028   Code   RO         1656    i.im_peer_id_get_by_conn_handle  id_manager.o
    0x00028528   0x00000040   Code   RO         1657    i.im_peer_id_get_by_master_id  id_manager.o
    0x00028568   0x0000003c   Code   RO         5231    i.init              nrf_fstorage_sd.o
    0x000285a4   0x00000118   Code   RO         4634    i.init_execute      fds.o
    0x000286bc   0x0000002c   Code   RO         1079    i.instance_get      ble_conn_params.o
    0x000286e8   0x000000be   Code   RO         5131    i.int_print         nrf_fprintf_format.o
    0x000287a6   0x00000002   PAD
    0x000287a8   0x0000000c   Code   RO         1425    i.internal_state_reset  gatt_cache_manager.o
    0x000287b4   0x00000018   Code   RO         1557    i.internal_state_reset  gatts_cache_manager.o
    0x000287cc   0x0000002c   Code   RO         1662    i.internal_state_reset  id_manager.o
    0x000287f8   0x00000020   Code   RO         2128    i.internal_state_reset  peer_database.o
    0x00028818   0x0000000e   Code   RO         2308    i.internal_state_reset  peer_id.o
    0x00028826   0x00000002   PAD
    0x00028828   0x0000002c   Code   RO         2404    i.internal_state_reset  peer_manager.o
    0x00028854   0x0000008c   Code   RO         3760    i.interrupts_enable  nrf_drv_uart.o
    0x000288e0   0x00000014   Code   RO         5232    i.is_busy           nrf_fstorage_sd.o
    0x000288f4   0x00000072   Code   RO         1080    i.is_conn_params_ok  ble_conn_params.o
    0x00028966   0x00000018   Code   RO         1663    i.is_valid_irk      id_manager.o
    0x0002897e   0x00000010   Code   RO         4635    i.is_word_aligned   fds.o
    0x0002898e   0x0000000c   Code   RO         3233    i.item_dequeue      nrf_drv_clock.o
    0x0002899a   0x00000002   PAD
    0x0002899c   0x00000028   Code   RO          626    i.leds_off          bsp.o
    0x000289c4   0x00000020   Code   RO          627    i.leds_timer_handler  bsp.o
    0x000289e4   0x0000001c   Code   RO         3236    i.lfclk_stop        nrf_drv_clock.o
    0x00028a00   0x00000018   Code   RO         1839    i.link_init         nrf_ble_gatt.o
    0x00028a18   0x000000c4   Code   RO         2928    i.link_secure       security_manager.o
    0x00028adc   0x0000008e   Code   RO         2782    i.link_secure_central  security_dispatcher.o
    0x00028b6a   0x000000e8   Code   RO         2783    i.link_secure_central_existing_peer  security_dispatcher.o
    0x00028c52   0x0000007c   Code   RO         2784    i.link_secure_central_new_peer  security_dispatcher.o
    0x00028cce   0x00000002   PAD
    0x00028cd0   0x00000058   Code   RO         2785    i.link_secure_failure  security_dispatcher.o
    0x00028d28   0x00000080   Code   RO         2929    i.link_secure_pending_process  security_manager.o
    0x00028da8   0x00000012   Code   RO         2786    i.link_secure_peripheral  security_dispatcher.o
    0x00028dba   0x00000002   PAD
    0x00028dbc   0x0000013c   Code   RO         4278    i.list_insertions_handler  app_timer.o
    0x00028ef8   0x000000a0   Code   RO         1426    i.local_db_apply_in_evt  gatt_cache_manager.o
    0x00028f98   0x000000b8   Code   RO         1427    i.local_db_update_in_evt  gatt_cache_manager.o
    0x00029050   0x00000034   Code   RO         2721    i.lock_by_mask      pm_mutex.o
    0x00029084   0x00000038   Code   RO           23    i.log_init          main.o
    0x000290bc   0x000000b0   Code   RO         6038    i.log_skip          nrf_log_frontend.o
    0x0002916c   0x000000f8   Code   RO           24    i.main              main.o
    0x00029264   0x00000076   Code   RO          840    i.manuf_specific_data_encode  ble_advdata.o
    0x000292da   0x000000ae   Code   RO         5351    i.memobj_op         nrf_memobj.o
    0x00029388   0x0000003c   Code   RO         6039    i.module_idx_get    nrf_log_frontend.o
    0x000293c4   0x000000c2   Code   RO          841    i.name_encode       ble_advdata.o
    0x00029486   0x00000002   PAD
    0x00029488   0x00000070   Code   RO         1664    i.new_connection    id_manager.o
    0x000294f8   0x00000034   Code   RO         2309    i.next_id_get       peer_id.o
    0x0002952c   0x00000016   Code   RO         6040    i.nrf_atomic_flag_clear_fetch  nrf_log_frontend.o
    0x00029542   0x00000016   Code   RO         6041    i.nrf_atomic_flag_set  nrf_log_frontend.o
    0x00029558   0x00000052   Code   RO         5036    i.nrf_balloc_alloc  nrf_balloc.o
    0x000295aa   0x00000010   Code   RO         5037    i.nrf_balloc_block2idx  nrf_balloc.o
    0x000295ba   0x00000030   Code   RO         5038    i.nrf_balloc_free   nrf_balloc.o
    0x000295ea   0x0000000c   Code   RO         5039    i.nrf_balloc_idx2block  nrf_balloc.o
    0x000295f6   0x0000003c   Code   RO         5040    i.nrf_balloc_init   nrf_balloc.o
    0x00029632   0x00000016   Code   RO         3472    i.nrf_bitmask_bit_is_set  nrf_drv_gpiote.o
    0x00029648   0x00000034   Code   RO         1845    i.nrf_ble_gatt_init  nrf_ble_gatt.o
    0x0002967c   0x000000c8   Code   RO         1846    i.nrf_ble_gatt_on_ble_evt  nrf_ble_gatt.o
    0x00029744   0x00000012   Code   RO         3237    i.nrf_clock_event_check  nrf_drv_clock.o
    0x00029756   0x00000012   Code   RO         3238    i.nrf_clock_event_clear  nrf_drv_clock.o
    0x00029768   0x0000000c   Code   RO         3240    i.nrf_clock_int_disable  nrf_drv_clock.o
    0x00029774   0x00000010   Code   RO         3242    i.nrf_clock_lf_is_running  nrf_drv_clock.o
    0x00029784   0x00000008   Code   RO         3243    i.nrf_clock_task_trigger  nrf_drv_clock.o
    0x0002978c   0x0000009c   Code   RO         4279    i.nrf_delay_us      app_timer.o
    0x00029828   0x00000068   Code   RO         3249    i.nrf_drv_clock_init  nrf_drv_clock.o
    0x00029890   0x00000030   Code   RO         3253    i.nrf_drv_clock_lfclk_release  nrf_drv_clock.o
    0x000298c0   0x00000060   Code   RO         3431    i.nrf_drv_common_irq_enable  nrf_drv_common.o
    0x00029920   0x0000000a   Code   RO         3762    i.nrf_drv_get_IRQn  nrf_drv_uart.o
    0x0002992a   0x00000002   PAD
    0x0002992c   0x000000ac   Code   RO         3477    i.nrf_drv_gpiote_in_event_enable  nrf_drv_gpiote.o
    0x000299d8   0x000000dc   Code   RO         3478    i.nrf_drv_gpiote_in_init  nrf_drv_gpiote.o
    0x00029ab4   0x00000014   Code   RO         3479    i.nrf_drv_gpiote_in_is_set  nrf_drv_gpiote.o
    0x00029ac8   0x00000060   Code   RO         3481    i.nrf_drv_gpiote_init  nrf_drv_gpiote.o
    0x00029b28   0x00000014   Code   RO         3482    i.nrf_drv_gpiote_is_init  nrf_drv_gpiote.o
    0x00029b3c   0x00000014   Code   RO         3763    i.nrf_drv_is_in_RAM  nrf_drv_uart.o
    0x00029b50   0x00000084   Code   RO         3765    i.nrf_drv_uart_init  nrf_drv_uart.o
    0x00029bd4   0x000000d4   Code   RO         3766    i.nrf_drv_uart_rx   nrf_drv_uart.o
    0x00029ca8   0x00000034   Code   RO         3769    i.nrf_drv_uart_rx_enable  nrf_drv_uart.o
    0x00029cdc   0x000000cc   Code   RO         3770    i.nrf_drv_uart_rx_for_uart  nrf_drv_uart.o
    0x00029da8   0x000000c8   Code   RO         3771    i.nrf_drv_uart_rx_for_uarte  nrf_drv_uart.o
    0x00029e70   0x00000064   Code   RO         3773    i.nrf_drv_uart_tx   nrf_drv_uart.o
    0x00029ed4   0x0000008c   Code   RO         3775    i.nrf_drv_uart_tx_for_uart  nrf_drv_uart.o
    0x00029f60   0x0000007c   Code   RO         3776    i.nrf_drv_uart_tx_for_uarte  nrf_drv_uart.o
    0x00029fdc   0x0000001c   Code   RO         3777    i.nrf_drv_uart_tx_in_progress  nrf_drv_uart.o
    0x00029ff8   0x0000002a   Code   RO         5087    i.nrf_fprintf       nrf_fprintf.o
    0x0002a022   0x0000001c   Code   RO         5088    i.nrf_fprintf_buffer_flush  nrf_fprintf.o
    0x0002a03e   0x000001f0   Code   RO         5132    i.nrf_fprintf_fmt   nrf_fprintf_format.o
    0x0002a22e   0x00000054   Code   RO         5174    i.nrf_fstorage_erase  nrf_fstorage.o
    0x0002a282   0x0000001e   Code   RO         5175    i.nrf_fstorage_init  nrf_fstorage.o
    0x0002a2a0   0x00000050   Code   RO         5176    i.nrf_fstorage_is_busy  nrf_fstorage.o
    0x0002a2f0   0x00000030   Code   RO         5233    i.nrf_fstorage_sdh_req_handler  nrf_fstorage_sd.o
    0x0002a320   0x00000038   Code   RO         5234    i.nrf_fstorage_sdh_state_handler  nrf_fstorage_sd.o
    0x0002a358   0x00000090   Code   RO         5235    i.nrf_fstorage_sys_evt_handler  nrf_fstorage_sd.o
    0x0002a3e8   0x0000006c   Code   RO         5179    i.nrf_fstorage_write  nrf_fstorage.o
    0x0002a454   0x00000028   Code   RO          506    i.nrf_gpio_cfg      boards.o
    0x0002a47c   0x00000028   Code   RO         3496    i.nrf_gpio_cfg      nrf_drv_gpiote.o
    0x0002a4a4   0x00000028   Code   RO         3779    i.nrf_gpio_cfg      nrf_drv_uart.o
    0x0002a4cc   0x0000001a   Code   RO         3781    i.nrf_gpio_cfg_input  nrf_drv_uart.o
    0x0002a4e6   0x00000018   Code   RO         3782    i.nrf_gpio_cfg_output  nrf_drv_uart.o
    0x0002a4fe   0x00000032   Code   RO          628    i.nrf_gpio_cfg_sense_set  bsp.o
    0x0002a530   0x00000032   Code   RO         3498    i.nrf_gpio_cfg_sense_set  nrf_drv_gpiote.o
    0x0002a562   0x00000018   Code   RO         3500    i.nrf_gpio_pin_read  nrf_drv_gpiote.o
    0x0002a57a   0x00000016   Code   RO         3783    i.nrf_gpio_pin_set  nrf_drv_uart.o
    0x0002a590   0x0000003a   Code   RO          507    i.nrf_gpio_pin_write  boards.o
    0x0002a5ca   0x00000002   PAD
    0x0002a5cc   0x00000028   Code   RO         3502    i.nrf_gpio_ports_read  nrf_drv_gpiote.o
    0x0002a5f4   0x0000000c   Code   RO         3503    i.nrf_gpiote_event_addr_get  nrf_drv_gpiote.o
    0x0002a600   0x0000001c   Code   RO         3504    i.nrf_gpiote_event_clear  nrf_drv_gpiote.o
    0x0002a61c   0x00000016   Code   RO         3505    i.nrf_gpiote_event_is_set  nrf_drv_gpiote.o
    0x0002a632   0x00000002   PAD
    0x0002a634   0x0000000c   Code   RO         3506    i.nrf_gpiote_int_enable  nrf_drv_gpiote.o
    0x0002a640   0x00000084   Code   RO         6042    i.nrf_log_backend_add  nrf_log_frontend.o
    0x0002a6c4   0x00000002   Code   RO         5846    i.nrf_log_backend_rtt_flush  nrf_log_backend_rtt.o
    0x0002a6c6   0x00000008   Code   RO         5847    i.nrf_log_backend_rtt_init  nrf_log_backend_rtt.o
    0x0002a6ce   0x00000002   Code   RO         5848    i.nrf_log_backend_rtt_panic_set  nrf_log_backend_rtt.o
    0x0002a6d0   0x00000020   Code   RO         5849    i.nrf_log_backend_rtt_put  nrf_log_backend_rtt.o
    0x0002a6f0   0x000000fe   Code   RO         5903    i.nrf_log_backend_serial_put  nrf_log_backend_serial.o
    0x0002a7ee   0x00000002   PAD
    0x0002a7f0   0x00000038   Code   RO         6044    i.nrf_log_color_id_get  nrf_log_frontend.o
    0x0002a828   0x00000024   Code   RO         5999    i.nrf_log_default_backends_init  nrf_log_default_backends.o
    0x0002a84c   0x00000274   Code   RO         6045    i.nrf_log_frontend_dequeue  nrf_log_frontend.o
    0x0002aac0   0x00000014   Code   RO         6047    i.nrf_log_frontend_std_0  nrf_log_frontend.o
    0x0002aad4   0x00000018   Code   RO         6048    i.nrf_log_frontend_std_1  nrf_log_frontend.o
    0x0002aaec   0x00000020   Code   RO         6049    i.nrf_log_frontend_std_2  nrf_log_frontend.o
    0x0002ab0c   0x00000028   Code   RO         6050    i.nrf_log_frontend_std_3  nrf_log_frontend.o
    0x0002ab34   0x000000b8   Code   RO         6243    i.nrf_log_hexdump_entry_process  nrf_log_str_formatter.o
    0x0002abec   0x00000068   Code   RO         6054    i.nrf_log_init      nrf_log_frontend.o
    0x0002ac54   0x00000014   Code   RO         6055    i.nrf_log_module_cnt_get  nrf_log_frontend.o
    0x0002ac68   0x00000034   Code   RO         6056    i.nrf_log_module_filter_get  nrf_log_frontend.o
    0x0002ac9c   0x00000002   Code   RO         6057    i.nrf_log_module_filter_set  nrf_log_frontend.o
    0x0002ac9e   0x00000002   PAD
    0x0002aca0   0x00000024   Code   RO         6058    i.nrf_log_module_name_get  nrf_log_frontend.o
    0x0002acc4   0x00000034   Code   RO         6059    i.nrf_log_panic     nrf_log_frontend.o
    0x0002acf8   0x000000c8   Code   RO         6244    i.nrf_log_std_entry_process  nrf_log_str_formatter.o
    0x0002adc0   0x0000007a   Code   RO         5352    i.nrf_memobj_alloc  nrf_memobj.o
    0x0002ae3a   0x00000040   Code   RO         5353    i.nrf_memobj_free   nrf_memobj.o
    0x0002ae7a   0x0000001e   Code   RO         5354    i.nrf_memobj_get    nrf_memobj.o
    0x0002ae98   0x0000000c   Code   RO         5355    i.nrf_memobj_pool_init  nrf_memobj.o
    0x0002aea4   0x00000030   Code   RO         5356    i.nrf_memobj_put    nrf_memobj.o
    0x0002aed4   0x0000001c   Code   RO         5357    i.nrf_memobj_read   nrf_memobj.o
    0x0002aef0   0x0000001c   Code   RO         5358    i.nrf_memobj_write  nrf_memobj.o
    0x0002af0c   0x00000016   Code   RO         5439    i.nrf_mtx_unlock    nrf_pwr_mgmt.o
    0x0002af22   0x00000002   PAD
    0x0002af24   0x00000040   Code   RO         5441    i.nrf_pwr_mgmt_init  nrf_pwr_mgmt.o
    0x0002af64   0x00000060   Code   RO         5443    i.nrf_pwr_mgmt_shutdown  nrf_pwr_mgmt.o
    0x0002afc4   0x00000018   Code   RO         6676    i.nrf_sdh_ble_app_ram_start_get  nrf_sdh_ble.o
    0x0002afdc   0x00000194   Code   RO         6677    i.nrf_sdh_ble_default_cfg_set  nrf_sdh_ble.o
    0x0002b170   0x000000d8   Code   RO         6678    i.nrf_sdh_ble_enable  nrf_sdh_ble.o
    0x0002b248   0x000000a8   Code   RO         6679    i.nrf_sdh_ble_evts_poll  nrf_sdh_ble.o
    0x0002b2f0   0x00000058   Code   RO         6557    i.nrf_sdh_disable_request  nrf_sdh.o
    0x0002b348   0x00000078   Code   RO         6558    i.nrf_sdh_enable_request  nrf_sdh.o
    0x0002b3c0   0x00000030   Code   RO         6559    i.nrf_sdh_evts_poll  nrf_sdh.o
    0x0002b3f0   0x0000000c   Code   RO         6560    i.nrf_sdh_is_enabled  nrf_sdh.o
    0x0002b3fc   0x00000028   Code   RO         6562    i.nrf_sdh_request_continue  nrf_sdh.o
    0x0002b424   0x00000098   Code   RO         6731    i.nrf_sdh_soc_evts_poll  nrf_sdh_soc.o
    0x0002b4bc   0x00000006   Code   RO         6565    i.nrf_section_iter_get  nrf_sdh.o
    0x0002b4c2   0x00000014   Code   RO         5522    i.nrf_section_iter_init  nrf_section_iter.o
    0x0002b4d6   0x0000002e   Code   RO         5523    i.nrf_section_iter_item_set  nrf_section_iter.o
    0x0002b504   0x0000002e   Code   RO         5524    i.nrf_section_iter_next  nrf_section_iter.o
    0x0002b532   0x00000002   PAD
    0x0002b534   0x00000040   Code   RO         5557    i.nrf_strerror_find  nrf_strerror.o
    0x0002b574   0x0000001c   Code   RO         5558    i.nrf_strerror_get  nrf_strerror.o
    0x0002b590   0x0000000c   Code   RO         3784    i.nrf_uart_errorsrc_get_and_clear  nrf_drv_uart.o
    0x0002b59c   0x0000000e   Code   RO         3785    i.nrf_uart_event_check  nrf_drv_uart.o
    0x0002b5aa   0x0000000e   Code   RO         3786    i.nrf_uart_event_clear  nrf_drv_uart.o
    0x0002b5b8   0x0000000a   Code   RO         3787    i.nrf_uart_hwfc_pins_set  nrf_drv_uart.o
    0x0002b5c2   0x00000006   Code   RO         3788    i.nrf_uart_int_disable  nrf_drv_uart.o
    0x0002b5c8   0x00000006   Code   RO         3789    i.nrf_uart_int_enable  nrf_drv_uart.o
    0x0002b5ce   0x00000012   Code   RO         3790    i.nrf_uart_int_enable_check  nrf_drv_uart.o
    0x0002b5e0   0x00000006   Code   RO         3791    i.nrf_uart_task_trigger  nrf_drv_uart.o
    0x0002b5e6   0x0000000a   Code   RO         3792    i.nrf_uart_txrx_pins_set  nrf_drv_uart.o
    0x0002b5f0   0x0000000c   Code   RO         3793    i.nrf_uarte_errorsrc_get_and_clear  nrf_drv_uart.o
    0x0002b5fc   0x0000000e   Code   RO         3794    i.nrf_uarte_event_check  nrf_drv_uart.o
    0x0002b60a   0x0000000e   Code   RO         3795    i.nrf_uarte_event_clear  nrf_drv_uart.o
    0x0002b618   0x0000000c   Code   RO         3796    i.nrf_uarte_hwfc_pins_set  nrf_drv_uart.o
    0x0002b624   0x00000006   Code   RO         3797    i.nrf_uarte_int_disable  nrf_drv_uart.o
    0x0002b62a   0x00000006   Code   RO         3798    i.nrf_uarte_int_enable  nrf_drv_uart.o
    0x0002b630   0x0000000a   Code   RO         3799    i.nrf_uarte_rx_amount_get  nrf_drv_uart.o
    0x0002b63a   0x00000006   Code   RO         3800    i.nrf_uarte_task_trigger  nrf_drv_uart.o
    0x0002b640   0x0000000e   Code   RO         3801    i.nrf_uarte_txrx_pins_set  nrf_drv_uart.o
    0x0002b64e   0x00000002   PAD
    0x0002b650   0x000000b8   Code   RO           25    i.nus_data_handler  main.o
    0x0002b708   0x00000048   Code   RO           26    i.on_adv_evt        main.o
    0x0002b750   0x00000040   Code   RO           27    i.on_conn_params_evt  main.o
    0x0002b790   0x00000030   Code   RO         1081    i.on_conn_params_update  ble_conn_params.o
    0x0002b7c0   0x00000070   Code   RO         1082    i.on_connect        ble_conn_params.o
    0x0002b830   0x0000000c   Code   RO         3064    i.on_connect        ble_dfu.o
    0x0002b83c   0x00000006   Code   RO         6765    i.on_connect        ble_nus.o
    0x0002b842   0x0000000e   Code   RO          952    i.on_connected      ble_advertising.o
    0x0002b850   0x00000084   Code   RO         1847    i.on_connected_evt  nrf_ble_gatt.o
    0x0002b8d4   0x00000058   Code   RO         3065    i.on_ctrlpt_write   ble_dfu.o
    0x0002b92c   0x00000054   Code   RO         1848    i.on_data_length_update_evt  nrf_ble_gatt.o
    0x0002b980   0x00000060   Code   RO         1849    i.on_data_length_update_request_evt  nrf_ble_gatt.o
    0x0002b9e0   0x00000032   Code   RO         1083    i.on_disconnect     ble_conn_params.o
    0x0002ba12   0x00000002   PAD
    0x0002ba14   0x0000001c   Code   RO         3066    i.on_disconnect     ble_dfu.o
    0x0002ba30   0x00000008   Code   RO         6766    i.on_disconnect     ble_nus.o
    0x0002ba38   0x00000036   Code   RO          953    i.on_disconnected   ble_advertising.o
    0x0002ba6e   0x00000014   Code   RO         1850    i.on_disconnected_evt  nrf_ble_gatt.o
    0x0002ba82   0x00000002   PAD
    0x0002ba84   0x0000008c   Code   RO         1851    i.on_exchange_mtu_request_evt  nrf_ble_gatt.o
    0x0002bb10   0x00000064   Code   RO         1852    i.on_exchange_mtu_rsp_evt  nrf_ble_gatt.o
    0x0002bb74   0x0000002c   Code   RO         3067    i.on_hvc            ble_dfu.o
    0x0002bba0   0x00000020   Code   RO         5236    i.on_operation_failure  nrf_fstorage_sd.o
    0x0002bbc0   0x00000060   Code   RO         5237    i.on_operation_success  nrf_fstorage_sd.o
    0x0002bc20   0x00000044   Code   RO         3068    i.on_rw_authorize_req  ble_dfu.o
    0x0002bc64   0x00000036   Code   RO          954    i.on_timeout        ble_advertising.o
    0x0002bc9a   0x00000002   PAD
    0x0002bc9c   0x00000058   Code   RO         1084    i.on_write          ble_conn_params.o
    0x0002bcf4   0x00000064   Code   RO         3069    i.on_write          ble_dfu.o
    0x0002bd58   0x00000066   Code   RO         6767    i.on_write          ble_nus.o
    0x0002bdbe   0x00000002   PAD
    0x0002bdc0   0x00000048   Code   RO         4636    i.op_enqueue        fds.o
    0x0002be08   0x00000040   Code   RO         4637    i.page_from_record  fds.o
    0x0002be48   0x0000002c   Code   RO         4638    i.page_has_space    fds.o
    0x0002be74   0x0000002c   Code   RO         4639    i.page_identify     fds.o
    0x0002bea0   0x0000001e   Code   RO         4640    i.page_is_erased    fds.o
    0x0002bebe   0x00000012   Code   RO         4641    i.page_offsets_update  fds.o
    0x0002bed0   0x00000068   Code   RO         4642    i.page_scan         fds.o
    0x0002bf38   0x00000020   Code   RO         4643    i.page_tag_write_data  fds.o
    0x0002bf58   0x00000024   Code   RO         4644    i.page_tag_write_swap  fds.o
    0x0002bf7c   0x00000130   Code   RO         4645    i.pages_init        fds.o
    0x0002c0ac   0x00000084   Code   RO         2787    i.pairing_failure   security_dispatcher.o
    0x0002c130   0x00000048   Code   RO         2930    i.params_reply_pending_process  security_manager.o
    0x0002c178   0x00000020   Code   RO         2130    i.pdb_evt_send      peer_database.o
    0x0002c198   0x00000044   Code   RO         2131    i.pdb_init          peer_database.o
    0x0002c1dc   0x0000000c   Code   RO         2133    i.pdb_next_deleted_peer_id_get  peer_database.o
    0x0002c1e8   0x0000000c   Code   RO         2134    i.pdb_next_peer_id_get  peer_database.o
    0x0002c1f4   0x000001bc   Code   RO         2135    i.pdb_pds_evt_handler  peer_database.o
    0x0002c3b0   0x00000008   Code   RO         2136    i.pdb_peer_allocate  peer_database.o
    0x0002c3b8   0x00000016   Code   RO         2138    i.pdb_peer_data_ptr_get  peer_database.o
    0x0002c3ce   0x00000058   Code   RO         2139    i.pdb_peer_free     peer_database.o
    0x0002c426   0x00000016   Code   RO         2140    i.pdb_raw_store     peer_database.o
    0x0002c43c   0x00000134   Code   RO         2141    i.pdb_write_buf_get  peer_database.o
    0x0002c570   0x00000036   Code   RO         2142    i.pdb_write_buf_release  peer_database.o
    0x0002c5a6   0x00000002   PAD
    0x0002c5a8   0x00000104   Code   RO         2143    i.pdb_write_buf_store  peer_database.o
    0x0002c6ac   0x00000078   Code   RO         2144    i.pdb_write_buf_store_prepare  peer_database.o
    0x0002c724   0x00000020   Code   RO         1963    i.pds_evt_send      peer_data_storage.o
    0x0002c744   0x00000038   Code   RO         1964    i.pds_init          peer_data_storage.o
    0x0002c77c   0x0000000c   Code   RO         1965    i.pds_next_deleted_peer_id_get  peer_data_storage.o
    0x0002c788   0x0000000c   Code   RO         1966    i.pds_next_peer_id_get  peer_data_storage.o
    0x0002c794   0x0000005c   Code   RO         1969    i.pds_peer_data_iterate  peer_data_storage.o
    0x0002c7f0   0x00000010   Code   RO         1970    i.pds_peer_data_iterate_prepare  peer_data_storage.o
    0x0002c800   0x00000088   Code   RO         1971    i.pds_peer_data_read  peer_data_storage.o
    0x0002c888   0x000000b2   Code   RO         1972    i.pds_peer_data_store  peer_data_storage.o
    0x0002c93a   0x0000000c   Code   RO         1973    i.pds_peer_id_allocate  peer_data_storage.o
    0x0002c946   0x0000001e   Code   RO         1974    i.pds_peer_id_free  peer_data_storage.o
    0x0002c964   0x0000000c   Code   RO         1975    i.pds_peer_id_is_allocated  peer_data_storage.o
    0x0002c970   0x0000003c   Code   RO         1976    i.pds_space_reserve  peer_data_storage.o
    0x0002c9ac   0x00000014   Code   RO         1977    i.pds_space_reserve_cancel  peer_data_storage.o
    0x0002c9c0   0x0000001c   Code   RO         2145    i.peer_data_const_point_to_buffer  peer_database.o
    0x0002c9dc   0x000000a4   Code   RO         1978    i.peer_data_delete  peer_data_storage.o
    0x0002ca80   0x00000040   Code   RO         1979    i.peer_data_find    peer_data_storage.o
    0x0002cac0   0x00000022   Code   RO         1980    i.peer_data_id_is_valid  peer_data_storage.o
    0x0002cae2   0x0000000a   Code   RO         1981    i.peer_data_id_to_record_key  peer_data_storage.o
    0x0002caec   0x0000001a   Code   RO         2146    i.peer_data_point_to_buffer  peer_database.o
    0x0002cb06   0x00000002   PAD
    0x0002cb08   0x00000014   Code   RO         2310    i.peer_id_allocate  peer_id.o
    0x0002cb1c   0x0000002c   Code   RO         2311    i.peer_id_delete    peer_id.o
    0x0002cb48   0x0000001c   Code   RO         2312    i.peer_id_free      peer_id.o
    0x0002cb64   0x00000014   Code   RO         2313    i.peer_id_get_next_deleted  peer_id.o
    0x0002cb78   0x00000038   Code   RO         2314    i.peer_id_get_next_used  peer_id.o
    0x0002cbb0   0x00000024   Code   RO         2315    i.peer_id_init      peer_id.o
    0x0002cbd4   0x0000001c   Code   RO         2316    i.peer_id_is_allocated  peer_id.o
    0x0002cbf0   0x0000001c   Code   RO         2317    i.peer_id_is_deleted  peer_id.o
    0x0002cc0c   0x00000024   Code   RO         1665    i.peer_id_set       id_manager.o
    0x0002cc30   0x0000000a   Code   RO         1982    i.peer_id_to_file_id  peer_data_storage.o
    0x0002cc3a   0x00000046   Code   RO         1983    i.peer_ids_load     peer_data_storage.o
    0x0002cc80   0x0000010c   Code   RO           28    i.peer_manager_init  main.o
    0x0002cd8c   0x0000001c   Code   RO         3509    i.pin_in_use_by_gpiote  nrf_drv_gpiote.o
    0x0002cda8   0x00000018   Code   RO         3510    i.pin_in_use_by_port  nrf_drv_gpiote.o
    0x0002cdc0   0x00000020   Code   RO         3511    i.pin_in_use_by_te  nrf_drv_gpiote.o
    0x0002cde0   0x0000000c   Code   RO         3512    i.pin_in_use_clear  nrf_drv_gpiote.o
    0x0002cdec   0x00000062   Code   RO         2679    i.pm_buffer_block_acquire  pm_buffer.o
    0x0002ce4e   0x0000004e   Code   RO         2680    i.pm_buffer_init    pm_buffer.o
    0x0002ce9c   0x00000030   Code   RO         2681    i.pm_buffer_ptr_get  pm_buffer.o
    0x0002cecc   0x00000028   Code   RO         2682    i.pm_buffer_release  pm_buffer.o
    0x0002cef4   0x00000010   Code   RO         2406    i.pm_conn_sec_config_reply  peer_manager.o
    0x0002cf04   0x00000198   Code   RO           29    i.pm_evt_handler    main.o
    0x0002d09c   0x000000be   Code   RO         2410    i.pm_gcm_evt_handler  peer_manager.o
    0x0002d15a   0x00000002   PAD
    0x0002d15c   0x00000058   Code   RO         2413    i.pm_im_evt_handler  peer_manager.o
    0x0002d1b4   0x000000a4   Code   RO         2414    i.pm_init           peer_manager.o
    0x0002d258   0x0000001c   Code   RO         2416    i.pm_local_database_has_changed  peer_manager.o
    0x0002d274   0x00000014   Code   RO         2722    i.pm_mutex_init     pm_mutex.o
    0x0002d288   0x00000020   Code   RO         2723    i.pm_mutex_lock     pm_mutex.o
    0x0002d2a8   0x00000030   Code   RO         2724    i.pm_mutex_lock_first_available  pm_mutex.o
    0x0002d2d8   0x00000024   Code   RO         2725    i.pm_mutex_lock_status_get  pm_mutex.o
    0x0002d2fc   0x00000038   Code   RO         2726    i.pm_mutex_unlock   pm_mutex.o
    0x0002d334   0x000001c8   Code   RO         2418    i.pm_pdb_evt_handler  peer_manager.o
    0x0002d4fc   0x00000020   Code   RO         2429    i.pm_peer_delete    peer_manager.o
    0x0002d51c   0x00000080   Code   RO         2434    i.pm_peers_delete   peer_manager.o
    0x0002d59c   0x00000040   Code   RO         2437    i.pm_register       peer_manager.o
    0x0002d5dc   0x00000024   Code   RO         2439    i.pm_sec_params_set  peer_manager.o
    0x0002d600   0x000001b0   Code   RO         2440    i.pm_sm_evt_handler  peer_manager.o
    0x0002d7b0   0x00000044   Code   RO         6245    i.postfix_process   nrf_log_str_formatter.o
    0x0002d7f4   0x00000034   Code   RO           30    i.power_management_init  main.o
    0x0002d828   0x0000005c   Code   RO         6246    i.prefix_process    nrf_log_str_formatter.o
    0x0002d884   0x00000048   Code   RO         4646    i.queue_advance     fds.o
    0x0002d8cc   0x00000024   Code   RO         5238    i.queue_advance     nrf_fstorage_sd.o
    0x0002d8f0   0x00000068   Code   RO         5239    i.queue_get_next_free  nrf_fstorage_sd.o
    0x0002d958   0x0000009c   Code   RO         4647    i.queue_process     fds.o
    0x0002d9f4   0x0000007c   Code   RO         5240    i.queue_process     nrf_fstorage_sd.o
    0x0002da70   0x00000018   Code   RO         4648    i.queue_start       fds.o
    0x0002da88   0x00000018   Code   RO         5241    i.queue_start       nrf_fstorage_sd.o
    0x0002daa0   0x00000010   Code   RO         6680    i.ram_end_address_get  nrf_sdh_ble.o
    0x0002dab0   0x0000001c   Code   RO         5242    i.read              nrf_fstorage_sd.o
    0x0002dacc   0x00000048   Code   RO         1188    i.record_activate   ble_conn_state.o
    0x0002db14   0x00000088   Code   RO         4649    i.record_find       fds.o
    0x0002db9c   0x0000003a   Code   RO         4650    i.record_find_and_delete  fds.o
    0x0002dbd6   0x00000002   PAD
    0x0002dbd8   0x0000007c   Code   RO         4651    i.record_find_by_desc  fds.o
    0x0002dc54   0x00000060   Code   RO         4652    i.record_find_next  fds.o
    0x0002dcb4   0x00000038   Code   RO         4653    i.record_header_flag_dirty  fds.o
    0x0002dcec   0x0000002c   Code   RO         4654    i.record_header_write_begin  fds.o
    0x0002dd18   0x00000038   Code   RO         4655    i.record_header_write_finalize  fds.o
    0x0002dd50   0x00000038   Code   RO         4656    i.record_header_write_id  fds.o
    0x0002dd88   0x00000014   Code   RO         4657    i.record_id_new     fds.o
    0x0002dd9c   0x0000001c   Code   RO         1189    i.record_invalidate  ble_conn_state.o
    0x0002ddb8   0x00000006   Code   RO         1984    i.record_key_to_peer_data_id  peer_data_storage.o
    0x0002ddbe   0x00000018   Code   RO         1985    i.record_key_within_pm_range  peer_data_storage.o
    0x0002ddd6   0x00000002   PAD
    0x0002ddd8   0x00000044   Code   RO         1190    i.record_purge_disconnected  ble_conn_state.o
    0x0002de1c   0x00000018   Code   RO         1191    i.record_set_disconnected  ble_conn_state.o
    0x0002de34   0x00000030   Code   RO         4658    i.record_write_data  fds.o
    0x0002de64   0x00000014   Code   RO         2319    i.release           peer_id.o
    0x0002de78   0x0000000c   Code   RO         4280    i.rtc1_compare0_set  app_timer.o
    0x0002de84   0x0000000c   Code   RO         4281    i.rtc1_counter_get  app_timer.o
    0x0002de90   0x00000018   Code   RO         4282    i.rtc1_init         app_timer.o
    0x0002dea8   0x0000003c   Code   RO         4283    i.rtc1_start        app_timer.o
    0x0002dee4   0x00000058   Code   RO         4284    i.rtc1_stop         app_timer.o
    0x0002df3c   0x0000003e   Code   RO         3803    i.rx_byte           nrf_drv_uart.o
    0x0002df7a   0x000000ee   Code   RO         6768    i.rx_char_add       ble_nus.o
    0x0002e068   0x0000001e   Code   RO         3804    i.rx_done_event     nrf_drv_uart.o
    0x0002e086   0x00000022   Code   RO         3805    i.rx_enable         nrf_drv_uart.o
    0x0002e0a8   0x00000058   Code   RO         6566    i.sd_nvic_DisableIRQ  nrf_sdh.o
    0x0002e100   0x0000009c   Code   RO         6567    i.sd_nvic_EnableIRQ  nrf_sdh.o
    0x0002e19c   0x00000068   Code   RO         4491    i.sd_nvic_critical_region_enter  app_util_platform.o
    0x0002e204   0x0000006c   Code   RO         3256    i.sd_state_evt_handler  nrf_drv_clock.o
    0x0002e270   0x0000003c   Code   RO         6568    i.sdh_request_observer_notify  nrf_sdh.o
    0x0002e2ac   0x00000034   Code   RO         6569    i.sdh_state_observer_notify  nrf_sdh.o
    0x0002e2e0   0x0000000c   Code   RO         1428    i.sdk_mapped_flags_any_set  gatt_cache_manager.o
    0x0002e2ec   0x0000000c   Code   RO         2931    i.sdk_mapped_flags_any_set  security_manager.o
    0x0002e2f8   0x0000007c   Code   RO         5590    i.sdk_mapped_flags_bulk_update_by_key  sdk_mapped_flags.o
    0x0002e374   0x00000024   Code   RO         5591    i.sdk_mapped_flags_first_key_index_get  sdk_mapped_flags.o
    0x0002e398   0x00000012   Code   RO         5592    i.sdk_mapped_flags_get_by_index  sdk_mapped_flags.o
    0x0002e3aa   0x0000002e   Code   RO         5593    i.sdk_mapped_flags_get_by_key  sdk_mapped_flags.o
    0x0002e3d8   0x00000042   Code   RO         5595    i.sdk_mapped_flags_key_list_get  sdk_mapped_flags.o
    0x0002e41a   0x0000001a   Code   RO         5597    i.sdk_mapped_flags_update_by_key  sdk_mapped_flags.o
    0x0002e434   0x000000d8   Code   RO         2788    i.sec_info_request_process  security_dispatcher.o
    0x0002e50c   0x0000001a   Code   RO         2789    i.sec_params_request_process  security_dispatcher.o
    0x0002e526   0x000000e8   Code   RO         2932    i.sec_params_verify  security_manager.o
    0x0002e60e   0x00000002   PAD
    0x0002e610   0x0000005c   Code   RO         2790    i.sec_proc_start    security_dispatcher.o
    0x0002e66c   0x00000034   Code   RO         2791    i.sec_request_process  security_dispatcher.o
    0x0002e6a0   0x00000024   Code   RO         2792    i.sec_start_send    security_dispatcher.o
    0x0002e6c4   0x0000001e   Code   RO         2933    i.send_config_req   security_manager.o
    0x0002e6e2   0x00000002   PAD
    0x0002e6e4   0x00000018   Code   RO         1085    i.send_error_evt    ble_conn_params.o
    0x0002e6fc   0x00000024   Code   RO         1086    i.send_update_request  ble_conn_params.o
    0x0002e720   0x0000003e   Code   RO         5850    i.serial_tx         nrf_log_backend_rtt.o
    0x0002e75e   0x00000002   PAD
    0x0002e760   0x0000006c   Code   RO         1429    i.service_changed_pending_flags_check  gatt_cache_manager.o
    0x0002e7cc   0x00000050   Code   RO         1558    i.service_changed_pending_set  gatts_cache_manager.o
    0x0002e81c   0x000000b8   Code   RO         1430    i.service_changed_send_in_evt  gatt_cache_manager.o
    0x0002e8d4   0x00000096   Code   RO          842    i.service_data_encode  ble_advdata.o
    0x0002e96a   0x00000002   PAD
    0x0002e96c   0x00000048   Code   RO           31    i.services_init     main.o
    0x0002e9b4   0x00000018   Code   RO          955    i.set_adv_mode_directed  ble_advertising.o
    0x0002e9cc   0x0000001c   Code   RO          956    i.set_adv_mode_directed_slow  ble_advertising.o
    0x0002e9e8   0x0000004a   Code   RO          957    i.set_adv_mode_fast  ble_advertising.o
    0x0002ea32   0x0000004a   Code   RO          958    i.set_adv_mode_slow  ble_advertising.o
    0x0002ea7c   0x00000038   Code   RO         3167    i.set_adv_name      ble_dfu_unbonded.o
    0x0002eab4   0x000000cc   Code   RO         5444    i.shutdown_process  nrf_pwr_mgmt.o
    0x0002eb80   0x00000070   Code   RO           32    i.sleep_mode_enter  main.o
    0x0002ebf0   0x00000018   Code   RO         2934    i.sm_ble_evt_handler  security_manager.o
    0x0002ec08   0x00000024   Code   RO         2935    i.sm_conn_sec_config_reply  security_manager.o
    0x0002ec2c   0x00000064   Code   RO         2936    i.sm_init           security_manager.o
    0x0002ec90   0x00000060   Code   RO         2939    i.sm_pdb_evt_handler  security_manager.o
    0x0002ecf0   0x00000038   Code   RO         2941    i.sm_sec_params_set  security_manager.o
    0x0002ed28   0x000000a4   Code   RO         2942    i.sm_smd_evt_handler  security_manager.o
    0x0002edcc   0x00000058   Code   RO         2793    i.smd_ble_evt_handler  security_dispatcher.o
    0x0002ee24   0x0000004c   Code   RO         2794    i.smd_init          security_dispatcher.o
    0x0002ee70   0x00000038   Code   RO         2795    i.smd_link_secure   security_dispatcher.o
    0x0002eea8   0x0000012c   Code   RO         2796    i.smd_params_reply  security_dispatcher.o
    0x0002efd4   0x00000090   Code   RO         2943    i.smd_params_reply_perform  security_manager.o
    0x0002f064   0x00000034   Code   RO         2797    i.smd_pdb_evt_handler  security_dispatcher.o
    0x0002f098   0x00000010   Code   RO         3257    i.soc_evt_handler   nrf_drv_clock.o
    0x0002f0a8   0x0000000e   Code   RO          843    i.srdata_check      ble_advdata.o
    0x0002f0b6   0x00000026   Code   RO          736    i.startup_event_extract  bsp_btn_ble.o
    0x0002f0dc   0x00000058   Code   RO         6061    i.std_header_set    nrf_log_frontend.o
    0x0002f134   0x0000005c   Code   RO         6062    i.std_n             nrf_log_frontend.o
    0x0002f190   0x00000074   Code   RO         5133    i.string_print      nrf_fprintf_format.o
    0x0002f204   0x0000000a   Code   RO         4285    i.ticks_diff_get    app_timer.o
    0x0002f20e   0x0000000c   Code   RO         4286    i.timeout_handler_exec  app_timer.o
    0x0002f21a   0x00000002   PAD
    0x0002f21c   0x00000050   Code   RO         4287    i.timer_list_handler  app_timer.o
    0x0002f26c   0x0000000a   Code   RO         4288    i.timer_list_handler_sched  app_timer.o
    0x0002f276   0x00000002   PAD
    0x0002f278   0x00000068   Code   RO         4289    i.timer_list_insert  app_timer.o
    0x0002f2e0   0x00000088   Code   RO         4290    i.timer_list_remove  app_timer.o
    0x0002f368   0x0000005e   Code   RO         4291    i.timer_start_op_schedule  app_timer.o
    0x0002f3c6   0x00000042   Code   RO         4292    i.timer_stop_op_schedule  app_timer.o
    0x0002f408   0x00000098   Code   RO         4293    i.timer_timeouts_check  app_timer.o
    0x0002f4a0   0x0000000a   Code   RO         4294    i.timer_timeouts_check_sched  app_timer.o
    0x0002f4aa   0x00000002   PAD
    0x0002f4ac   0x00000034   Code   RO           33    i.timers_init       main.o
    0x0002f4e0   0x00000026   Code   RO         3806    i.tx_byte           nrf_drv_uart.o
    0x0002f506   0x00000134   Code   RO         6769    i.tx_char_add       ble_nus.o
    0x0002f63a   0x00000022   Code   RO         3807    i.tx_done_event     nrf_drv_uart.o
    0x0002f65c   0x00000036   Code   RO          844    i.tx_power_level_encode  ble_advdata.o
    0x0002f692   0x00000002   PAD
    0x0002f694   0x000000d0   Code   RO           34    i.uart_event_handle  main.o
    0x0002f764   0x000000d4   Code   RO         5744    i.uart_event_handler  app_uart_fifo.o
    0x0002f838   0x00000070   Code   RO           35    i.uart_init         main.o
    0x0002f8a8   0x00000142   Code   RO         3808    i.uart_irq_handler  nrf_drv_uart.o
    0x0002f9ea   0x0000010c   Code   RO         3809    i.uarte_irq_handler  nrf_drv_uart.o
    0x0002faf6   0x0000000c   Code   RO         1353    i.uint16_decode     ble_srv_common.o
    0x0002fb02   0x0000000c   Code   RO          845    i.uint16_encode     ble_advdata.o
    0x0002fb0e   0x00000006   Code   RO         5243    i.uninit            nrf_fstorage_sd.o
    0x0002fb14   0x000000b8   Code   RO         5134    i.unsigned_print    nrf_fprintf_format.o
    0x0002fbcc   0x00000058   Code   RO         1431    i.update_pending_flags_check  gatt_cache_manager.o
    0x0002fc24   0x00000074   Code   RO         1087    i.update_timeout_handler  ble_conn_params.o
    0x0002fc98   0x00000014   Code   RO         1192    i.user_flag_acquire  ble_conn_state.o
    0x0002fcac   0x0000001c   Code   RO         1193    i.user_flag_is_acquired  ble_conn_state.o
    0x0002fcc8   0x0000003c   Code   RO         4295    i.user_op_alloc     app_timer.o
    0x0002fd04   0x0000000c   Code   RO         4296    i.user_op_enque     app_timer.o
    0x0002fd10   0x0000004e   Code   RO          846    i.uuid_list_encode  ble_advdata.o
    0x0002fd5e   0x000000dc   Code   RO          847    i.uuid_list_sized_encode  ble_advdata.o
    0x0002fe3a   0x00000008   Code   RO          959    i.whitelist_has_entries  ble_advertising.o
    0x0002fe42   0x00000042   Code   RO         5244    i.write             nrf_fstorage_sd.o
    0x0002fe84   0x00000038   Code   RO         2147    i.write_buf_length_words_set  peer_database.o
    0x0002febc   0x00000032   Code   RO         2148    i.write_buffer_record_find  peer_database.o
    0x0002feee   0x00000002   PAD
    0x0002fef0   0x00000030   Code   RO         2149    i.write_buffer_record_find_next  peer_database.o
    0x0002ff20   0x0000000e   Code   RO         2150    i.write_buffer_record_find_unused  peer_database.o
    0x0002ff2e   0x00000024   Code   RO         2151    i.write_buffer_record_get  peer_database.o
    0x0002ff52   0x0000002e   Code   RO         2152    i.write_buffer_record_invalidate  peer_database.o
    0x0002ff80   0x00000028   Code   RO         2153    i.write_buffer_record_release  peer_database.o
    0x0002ffa8   0x000000e0   Code   RO         4659    i.write_enqueue     fds.o
    0x00030088   0x000000c0   Code   RO         4660    i.write_execute     fds.o
    0x00030148   0x00000058   Code   RO         5245    i.write_execute     nrf_fstorage_sd.o
    0x000301a0   0x0000001c   Code   RO         4661    i.write_space_free  fds.o
    0x000301bc   0x0000006c   Code   RO         4662    i.write_space_reserve  fds.o
    0x00030228   0x00000018   Data   RO           37    .constdata          main.o
    0x00030240   0x00000008   Data   RO          508    .constdata          boards.o
    0x00030248   0x0000002c   Data   RO          630    .constdata          bsp.o
    0x00030274   0x00000018   Data   RO         1559    .constdata          gatts_cache_manager.o
    0x0003028c   0x00000008   Data   RO         1668    .constdata          id_manager.o
    0x00030294   0x00000016   Data   RO         1853    .constdata          nrf_ble_gatt.o
    0x000302aa   0x00000002   PAD
    0x000302ac   0x00000004   Data   RO         1986    .constdata          peer_data_storage.o
    0x000302b0   0x00000014   Data   RO         2155    .constdata          peer_database.o
    0x000302c4   0x00000044   Data   RO         2799    .constdata          security_dispatcher.o
    0x00030308   0x00000004   Data   RO         2944    .constdata          security_manager.o
    0x0003030c   0x00000047   Data   RO         3514    .constdata          nrf_drv_gpiote.o
    0x00030353   0x00000001   PAD
    0x00030354   0x00000008   Data   RO         4076    .constdata          app_button.o
    0x0003035c   0x00000014   Data   RO         4664    .constdata          fds.o
    0x00030370   0x00000010   Data   RO         5135    .constdata          nrf_fprintf_format.o
    0x00030380   0x00000020   Data   RO         5247    .constdata          nrf_fstorage_sd.o
    0x000303a0   0x00000024   Data   RO         5446    .constdata          nrf_pwr_mgmt.o
    0x000303c4   0x00000104   Data   RO         5559    .constdata          nrf_strerror.o
    0x000304c8   0x00000020   Data   RO         5746    .constdata          app_uart_fifo.o
    0x000304e8   0x0000000c   Data   RO         5852    .constdata          nrf_log_backend_rtt.o
    0x000304f4   0x00000014   Data   RO         6064    .constdata          nrf_log_frontend.o
    0x00030508   0x00000010   Data   RO         6510    .constdata          segger_rtt_printf.o
    0x00030518   0x00000058   Data   RO         6570    .constdata          nrf_sdh.o
    0x00030570   0x0000002c   Data   RO         6681    .constdata          nrf_sdh_ble.o
    0x0003059c   0x0000001c   Data   RO         6732    .constdata          nrf_sdh_soc.o
    0x000305b8   0x00000020   Data   RO         6770    .constdata          ble_nus.o
    0x000305d8   0x00000081   Data   RO         6927    .constdata          mc_w.l(ctype_o.o)
    0x00030659   0x00000003   PAD
    0x0003065c   0x00000004   Data   RO         6928    .constdata          mc_w.l(ctype_o.o)
    0x00030660   0x0000012d   Data   RO         1854    .conststring        nrf_ble_gatt.o
    0x0003078d   0x00000003   PAD
    0x00030790   0x00000307   Data   RO         5560    .conststring        nrf_strerror.o
    0x00030a97   0x00000001   PAD
    0x00030a98   0x00000009   Data   RO         6065    .conststring        nrf_log_frontend.o
    0x00030aa1   0x00000003   PAD
    0x00030aa4   0x00000066   Data   RO         6247    .conststring        nrf_log_str_formatter.o
    0x00030b0a   0x00000002   PAD
    0x00030b0c   0x000001cf   Data   RO         6682    .conststring        nrf_sdh_ble.o
    0x00030cdb   0x00000001   PAD
    0x00030cdc   0x00000009   Data   RO         1855    .conststrlit        nrf_ble_gatt.o
    0x00030ce5   0x00000003   PAD
    0x00030ce8   0x00000006   Data   RO         3260    .conststrlit        nrf_drv_clock.o
    0x00030cee   0x00000002   PAD
    0x00030cf0   0x00000007   Data   RO         3515    .conststrlit        nrf_drv_gpiote.o
    0x00030cf7   0x00000001   PAD
    0x00030cf8   0x00000005   Data   RO         3811    .conststrlit        nrf_drv_uart.o
    0x00030cfd   0x00000003   PAD
    0x00030d00   0x00000007   Data   RO         5041    .conststrlit        nrf_balloc.o
    0x00030d07   0x00000001   PAD
    0x00030d08   0x00000009   Data   RO         5447    .conststrlit        nrf_pwr_mgmt.o
    0x00030d11   0x00000003   PAD
    0x00030d14   0x00000004   Data   RO         6066    .conststrlit        nrf_log_frontend.o
    0x00030d18   0x00000008   Data   RO         6571    .conststrlit        nrf_sdh.o
    0x00030d20   0x0000000c   Data   RO         6683    .conststrlit        nrf_sdh_ble.o
    0x00030d2c   0x0000000c   Data   RO         6733    .conststrlit        nrf_sdh_soc.o
    0x00030d38   0x00000020   Data   RO         6986    Region$$Table       anon$$obj.o
    0x00030d58   0x00000008   Data   RO         1856    log_const_data      nrf_ble_gatt.o
    0x00030d60   0x00000008   Data   RO         3261    log_const_data      nrf_drv_clock.o
    0x00030d68   0x00000008   Data   RO         3516    log_const_data      nrf_drv_gpiote.o
    0x00030d70   0x00000008   Data   RO         3812    log_const_data      nrf_drv_uart.o
    0x00030d78   0x00000008   Data   RO         5042    log_const_data      nrf_balloc.o
    0x00030d80   0x00000008   Data   RO         5449    log_const_data      nrf_pwr_mgmt.o
    0x00030d88   0x00000008   Data   RO         6068    log_const_data      nrf_log_frontend.o
    0x00030d90   0x00000008   Data   RO         6573    log_const_data      nrf_sdh.o
    0x00030d98   0x00000008   Data   RO         6684    log_const_data      nrf_sdh_ble.o
    0x00030da0   0x00000008   Data   RO         6734    log_const_data      nrf_sdh_soc.o
    0x00030da8   0x00000004   Data   RO           39    pwr_mgmt_data0      main.o
    0x00030dac   0x00000008   Data   RO         1195    sdh_ble_observers0  ble_conn_state.o
    0x00030db4   0x00000008   Data   RO           40    sdh_ble_observers1  main.o
    0x00030dbc   0x00000008   Data   RO          738    sdh_ble_observers1  bsp_btn_ble.o
    0x00030dc4   0x00000018   Data   RO           41    sdh_ble_observers2  main.o
    0x00030ddc   0x00000008   Data   RO         1090    sdh_ble_observers2  ble_conn_params.o
    0x00030de4   0x00000008   Data   RO         2447    sdh_ble_observers2  peer_manager.o
    0x00030dec   0x00000008   Data   RO         3072    sdh_ble_observers2  ble_dfu.o
    0x00030df4   0x00000008   Data   RO         5249    sdh_req_observers0  nrf_fstorage_sd.o
    0x00030dfc   0x00000008   Data   RO         3263    sdh_soc_observers0  nrf_drv_clock.o
    0x00030e04   0x00000008   Data   RO         5250    sdh_soc_observers0  nrf_fstorage_sd.o
    0x00030e0c   0x00000008   Data   RO           42    sdh_soc_observers1  main.o
    0x00030e14   0x00000008   Data   RO         3170    sdh_soc_observers1  ble_dfu_unbonded.o
    0x00030e1c   0x00000008   Data   RO         6686    sdh_stack_observers0  nrf_sdh_ble.o
    0x00030e24   0x00000008   Data   RO         6736    sdh_stack_observers0  nrf_sdh_soc.o
    0x00030e2c   0x00000008   Data   RO         3264    sdh_state_observers0  nrf_drv_clock.o
    0x00030e34   0x00000008   Data   RO         5251    sdh_state_observers0  nrf_fstorage_sd.o


    Execution Region RW_IRAM1 (Base: 0x20002770, Size: 0x00003760, Max: 0x0000d890, ABSOLUTE, COMPRESSED[0x00000068])

    Base Addr    Size         Type   Attr      Idx    E Section Name        Object

    0x20002770   0x00000015   Data   RW           38    .data               main.o
    0x20002785   0x00000003   PAD
    0x20002788   0x00000015   Data   RW          631    .data               bsp.o
    0x2000279d   0x00000003   PAD
    0x200027a0   0x00000008   Data   RW          737    .data               bsp_btn_ble.o
    0x200027a8   0x00000008   Data   RW         1089    .data               ble_conn_params.o
    0x200027b0   0x00000009   Data   RW         1432    .data               gatt_cache_manager.o
    0x200027b9   0x00000003   PAD
    0x200027bc   0x0000000a   Data   RW         1560    .data               gatts_cache_manager.o
    0x200027c6   0x00000003   Data   RW         1669    .data               id_manager.o
    0x200027c9   0x00000003   PAD
    0x200027cc   0x0000000c   Data   RW         1987    .data               peer_data_storage.o
    0x200027d8   0x00000009   Data   RW         2156    .data               peer_database.o
    0x200027e1   0x00000003   PAD
    0x200027e4   0x00000011   Data   RW         2446    .data               peer_manager.o
    0x200027f5   0x00000004   Data   RW         2800    .data               security_dispatcher.o
    0x200027f9   0x00000003   PAD
    0x200027fc   0x00000013   Data   RW         2945    .data               security_manager.o
    0x2000280f   0x00000001   PAD
    0x20002810   0x00000004   Data   RW         3169    .data               ble_dfu_unbonded.o
    0x20002814   0x00000014   Data   RW         4077    .data               app_button.o
    0x20002828   0x00000014   Data   RW         4298    .data               app_timer.o
    0x2000283c   0x0000001a   Data   RW         4665    .data               fds.o
    0x20002856   0x00000002   PAD
    0x20002858   0x00000008   Data   RW         5248    .data               nrf_fstorage_sd.o
    0x20002860   0x00000009   Data   RW         5448    .data               nrf_pwr_mgmt.o
    0x20002869   0x00000003   PAD
    0x2000286c   0x0000000f   Data   RW         5747    .data               app_uart_fifo.o
    0x2000287b   0x00000001   PAD
    0x2000287c   0x0000000c   Data   RW         6000    .data               nrf_log_default_backends.o
    0x20002888   0x00000014   Data   RW         6067    .data               nrf_log_frontend.o
    0x2000289c   0x00000038   Data   RW         6248    .data               nrf_log_str_formatter.o
    0x200028d4   0x00000003   Data   RW         6572    .data               nrf_sdh.o
    0x200028d7   0x00000001   PAD
    0x200028d8   0x00000004   Data   RW         6846    .data               system_nrf52.o
    0x200028dc   0x00000014   Data   RW         4666    fs_data             fds.o
    0x200028f0   0x0000000c   Data   RW         1857    log_dynamic_data    nrf_ble_gatt.o
    0x200028fc   0x0000000c   Data   RW         3262    log_dynamic_data    nrf_drv_clock.o
    0x20002908   0x0000000c   Data   RW         3517    log_dynamic_data    nrf_drv_gpiote.o
    0x20002914   0x0000000c   Data   RW         3813    log_dynamic_data    nrf_drv_uart.o
    0x20002920   0x0000000c   Data   RW         5043    log_dynamic_data    nrf_balloc.o
    0x2000292c   0x0000000c   Data   RW         5450    log_dynamic_data    nrf_pwr_mgmt.o
    0x20002938   0x0000000c   Data   RW         6069    log_dynamic_data    nrf_log_frontend.o
    0x20002944   0x0000000c   Data   RW         6574    log_dynamic_data    nrf_sdh.o
    0x20002950   0x0000000c   Data   RW         6685    log_dynamic_data    nrf_sdh_ble.o
    0x2000295c   0x0000000c   Data   RW         6735    log_dynamic_data    nrf_sdh_soc.o
    0x20002968   0x000003fc   Zero   RW           36    .bss                main.o
    0x20002d64   0x0000006c   Zero   RW          629    .bss                bsp.o
    0x20002dd0   0x00000050   Zero   RW         1088    .bss                ble_conn_params.o
    0x20002e20   0x000000b8   Zero   RW         1194    .bss                ble_conn_state.o
    0x20002ed8   0x00000100   Zero   RW         1667    .bss                id_manager.o
    0x20002fd8   0x00000330   Zero   RW         2154    .bss                peer_database.o
    0x20003308   0x00000040   Zero   RW         2320    .bss                peer_id.o
    0x20003348   0x0000000c   Zero   RW         2444    .bss                peer_manager.o
    0x20003354   0x00000040   Zero   RW         2798    .bss                security_dispatcher.o
    0x20003394   0x0000001c   Zero   RW         3070    .bss                ble_dfu.o
    0x200033b0   0x00000028   Zero   RW         3168    .bss                ble_dfu_unbonded.o
    0x200033d8   0x00000014   Zero   RW         3258    .bss                nrf_drv_clock.o
    0x200033ec   0x00000058   Zero   RW         3513    .bss                nrf_drv_gpiote.o
    0x20003444   0x00000020   Zero   RW         3810    .bss                nrf_drv_uart.o
    0x20003464   0x00000020   Zero   RW         4075    .bss                app_button.o
    0x20003484   0x00000020   Zero   RW         4134    .bss                app_error.o
    0x200034a4   0x0000010c   Zero   RW         4297    .bss                app_timer.o
    0x200035b0   0x0000000c   Zero   RW         4492    .bss                app_util_platform.o
    0x200035bc   0x000000c4   Zero   RW         4663    .bss                fds.o
    0x20003680   0x00000078   Zero   RW         5246    .bss                nrf_fstorage_sd.o
    0x200036f8   0x0000000c   Zero   RW         5445    .bss                nrf_pwr_mgmt.o
    0x20003704   0x00000020   Zero   RW         5745    .bss                app_uart_fifo.o
    0x20003724   0x00000040   Zero   RW         5851    .bss                nrf_log_backend_rtt.o
    0x20003764   0x000004e0   Zero   RW         6063    .bss                nrf_log_frontend.o
    0x20003c44   0x00000288   Zero   RW         6350    .bss                segger_rtt.o
    0x20003ecc   0x00000004   PAD
    0x20003ed0   0x00002000   Zero   RW         6824    STACK               arm_startup_nrf52.o


==============================================================================

Image component sizes


      Code (inc. data)   RO Data    RW Data    ZI Data      Debug   Object Name

       480         80          8         20         32      10174   app_button.o
       168          4          0          0         32       4046   app_error.o
        92         18          0          0          0        798   app_error_weak.o
       170          0          0          0          0       6106   app_fifo.o
         0          0          0          0          0      20704   app_scheduler.o
      2200        248          0         20        268      52951   app_timer.o
       666        152         32         15         32      11346   app_uart_fifo.o
       200         24          0          0         12      10350   app_util_platform.o
        36          8        512          0       8192        924   arm_startup_nrf52.o
      1818          0          0          0          0      39739   ble_advdata.o
      1288          6          0          0          0      17252   ble_advertising.o
       936         56          8          8         80      11979   ble_conn_params.o
       736        134          8          0        184      12550   ble_conn_state.o
       594         76          8          0         28      11502   ble_dfu.o
       404         34          8          4         40       6125   ble_dfu_unbonded.o
      1084         74         32          0          0       9466   ble_nus.o
        48          0          0          0          0      23546   ble_srv_common.o
       418         34          8          0          0      13640   boards.o
      1566        124         44         21        108      15447   bsp.o
       420         16          8          8          0      10600   bsp_btn_ble.o
      4582        424         20         46        196      55730   fds.o
      1388         96          0          9          0      19772   gatt_cache_manager.o
       686         46         24         10          0      10447   gatts_cache_manager.o
      1360         72          8          3        256      20983   id_manager.o
      3690        902         68         21       1020     187766   main.o
       218          0         15         12          0       5081   nrf_balloc.o
       928         64        340         12          0      41924   nrf_ble_gatt.o
       516         52         30         12         20      43011   nrf_drv_clock.o
        96         12          0          0          0      27667   nrf_drv_common.o
      1630        104         86         12         88      33364   nrf_drv_gpiote.o
      2716         74         13         12         32      50419   nrf_drv_uart.o
        70          0          0          0          0       3577   nrf_fprintf.o
      1018          6         16          0          0       6142   nrf_fprintf_format.o
       346          8          0          0          0       5920   nrf_fstorage.o
      1126         88         56          8        120      15807   nrf_fstorage_sd.o
       106          8         12          0         64       5713   nrf_log_backend_rtt.o
       254          0          0          0          0      10331   nrf_log_backend_serial.o
        36          4          0         12          0       3182   nrf_log_default_backends.o
      2008        110         41         32       1248      36096   nrf_log_frontend.o
       544         70        102         56          0       5368   nrf_log_str_formatter.o
       660          0          0          0          0      13335   nrf_memobj.o
       540         54         53         21         12      45144   nrf_pwr_mgmt.o
       734         86        104         15          0      47130   nrf_sdh.o
       828        228        535         12          0       6516   nrf_sdh_ble.o
       152         68         56         12          0       2812   nrf_sdh_soc.o
       112          0          0          0          0       2820   nrf_section_iter.o
        92         10       1035          0          0       2751   nrf_strerror.o
      1400         50          4         12          0      20540   peer_data_storage.o
      1826         70         20          9        816      25175   peer_database.o
       420         44          0          0         64       9723   peer_id.o
      1762        152          8         17         12      14336   peer_manager.o
       264          0          0          0          0       4391   pm_buffer.o
       244          0          0          0          0       5505   pm_mutex.o
       316          0          0          0          0       6452   sdk_mapped_flags.o
      2194        100         68          4         64      24044   security_dispatcher.o
      1562        168          4         19          0      18256   security_manager.o
       530         48          0          0        648       9356   segger_rtt.o
      1096          6         16          0          0       6409   segger_rtt_printf.o
      1320        134          0          4          0      34522   system_nrf52.o

    ----------------------------------------------------------------------
     52814       4446       3468        504      13672    1176762   Object Totals
         0          0         32          0          0          0   (incl. Generated)
       120          0         26         26          4          0   (incl. Padding)

    ----------------------------------------------------------------------

      Code (inc. data)   RO Data    RW Data    ZI Data      Debug   Library Member Name

        86          0          0          0          0          0   __dczerorl2.o
         8          4        133          0          0         68   ctype_o.o
         0          0          0          0          0          0   entry.o
         0          0          0          0          0          0   entry10a.o
         0          0          0          0          0          0   entry11a.o
         8          4          0          0          0          0   entry2.o
         4          0          0          0          0          0   entry5.o
         0          0          0          0          0          0   entry7b.o
         0          0          0          0          0          0   entry8b.o
         8          4          0          0          0          0   entry9a.o
        30          0          0          0          0          0   handlers.o
        36          8          0          0          0         68   init.o
        30          0          0          0          0         68   llshl.o
        32          0          0          0          0         68   llushr.o
        26          0          0          0          0         80   memcmp.o
        36          0          0          0          0         68   memcpya.o
        36          0          0          0          0        108   memseta.o
        18          0          0          0          0         68   strcpy.o
        14          0          0          0          0         68   strlen.o
        98          0          0          0          0         92   uldiv.o

    ----------------------------------------------------------------------
       474         20        136          0          0        756   Library Totals
         4          0          3          0          0          0   (incl. Padding)

    ----------------------------------------------------------------------

      Code (inc. data)   RO Data    RW Data    ZI Data      Debug   Library Name

       470         20        133          0          0        756   mc_w.l

    ----------------------------------------------------------------------
       474         20        136          0          0        756   Library Totals

    ----------------------------------------------------------------------

==============================================================================


      Code (inc. data)   RO Data    RW Data    ZI Data      Debug   

     53288       4466       3604        504      13672    1111142   Grand Totals
     53288       4466       3604        104      13672    1111142   ELF Image Totals (compressed)
     53288       4466       3604        104          0          0   ROM Totals

==============================================================================

    Total RO  Size (Code + RO Data)                56892 (  55.56kB)
    Total RW  Size (RW Data + ZI Data)             14176 (  13.84kB)
    Total ROM Size (Code + RO Data + RW Data)      56996 (  55.66kB)

==============================================================================

